Component: ARM Compiler 5.06 update 2 (build 183) Tool: armlink [4d35b7]

==============================================================================

Section Cross References

    system_stm32f1xx.o(i.SystemCoreClockUpdate) refers to system_stm32f1xx.o(.data) for SystemCoreClock
    system_stm32f1xx.o(i.SystemCoreClockUpdate) refers to system_stm32f1xx.o(.constdata) for AHBPrescTable
    startup_stm32f103xe.o(RESET) refers to startup_stm32f103xe.o(STACK) for __initial_sp
    startup_stm32f103xe.o(RESET) refers to startup_stm32f103xe.o(.text) for Reset_Handler
    startup_stm32f103xe.o(RESET) refers to stm32f1xx_it.o(i.NMI_Handler) for NMI_Handler
    startup_stm32f103xe.o(RESET) refers to stm32f1xx_it.o(i.HardFault_Handler) for HardFault_Handler
    startup_stm32f103xe.o(RESET) refers to stm32f1xx_it.o(i.MemManage_Handler) for MemManage_Handler
    startup_stm32f103xe.o(RESET) refers to stm32f1xx_it.o(i.BusFault_Handler) for BusFault_Handler
    startup_stm32f103xe.o(RESET) refers to stm32f1xx_it.o(i.UsageFault_Handler) for UsageFault_Handler
    startup_stm32f103xe.o(RESET) refers to stm32f1xx_it.o(i.SVC_Handler) for SVC_Handler
    startup_stm32f103xe.o(RESET) refers to stm32f1xx_it.o(i.DebugMon_Handler) for DebugMon_Handler
    startup_stm32f103xe.o(RESET) refers to stm32f1xx_it.o(i.PendSV_Handler) for PendSV_Handler
    startup_stm32f103xe.o(RESET) refers to stm32f1xx_it.o(i.SysTick_Handler) for SysTick_Handler
    startup_stm32f103xe.o(RESET) refers to stm32f1xx_it.o(i.EXTI2_IRQHandler) for EXTI2_IRQHandler
    startup_stm32f103xe.o(RESET) refers to stm32f1xx_it.o(i.EXTI4_IRQHandler) for EXTI4_IRQHandler
    startup_stm32f103xe.o(RESET) refers to stm32f1xx_it.o(i.USB_HP_CAN1_TX_IRQHandler) for USB_HP_CAN1_TX_IRQHandler
    startup_stm32f103xe.o(RESET) refers to stm32f1xx_it.o(i.USB_LP_CAN1_RX0_IRQHandler) for USB_LP_CAN1_RX0_IRQHandler
    startup_stm32f103xe.o(RESET) refers to stm32f1xx_it.o(i.EXTI9_5_IRQHandler) for EXTI9_5_IRQHandler
    startup_stm32f103xe.o(RESET) refers to stm32f1xx_it.o(i.TIM3_IRQHandler) for TIM3_IRQHandler
    startup_stm32f103xe.o(RESET) refers to stm32f1xx_it.o(i.SPI2_IRQHandler) for SPI2_IRQHandler
    startup_stm32f103xe.o(RESET) refers to stm32f1xx_it.o(i.USART1_IRQHandler) for USART1_IRQHandler
    startup_stm32f103xe.o(RESET) refers to stm32f1xx_it.o(i.USART3_IRQHandler) for USART3_IRQHandler
    startup_stm32f103xe.o(RESET) refers to stm32f1xx_it.o(i.UART4_IRQHandler) for UART4_IRQHandler
    startup_stm32f103xe.o(.text) refers to system_stm32f1xx.o(i.SystemInit) for SystemInit
    startup_stm32f103xe.o(.text) refers to entry.o(.ARM.Collect$$$$00000000) for __main
    stm32f1xx_hal_dma.o(i.HAL_DMA_PollForTransfer) refers to stm32f1xx_hal.o(i.HAL_GetTick) for HAL_GetTick
    stm32f1xx_hal_dma.o(i.HAL_DMA_Start) refers to stm32f1xx_hal_dma.o(i.DMA_SetConfig) for DMA_SetConfig
    stm32f1xx_hal_dma.o(i.HAL_DMA_Start_IT) refers to stm32f1xx_hal_dma.o(i.DMA_SetConfig) for DMA_SetConfig
    stm32f1xx_hal_tim_ex.o(i.HAL_TIMEx_ConfigCommutationEvent_DMA) refers to stm32f1xx_hal_tim_ex.o(i.TIMEx_DMACommutationCplt) for TIMEx_DMACommutationCplt
    stm32f1xx_hal_tim_ex.o(i.HAL_TIMEx_ConfigCommutationEvent_DMA) refers to stm32f1xx_hal_tim.o(i.TIM_DMAError) for TIM_DMAError
    stm32f1xx_hal_tim_ex.o(i.HAL_TIMEx_HallSensor_DeInit) refers to stm32f1xx_hal_tim_ex.o(i.HAL_TIMEx_HallSensor_MspDeInit) for HAL_TIMEx_HallSensor_MspDeInit
    stm32f1xx_hal_tim_ex.o(i.HAL_TIMEx_HallSensor_Init) refers to stm32f1xx_hal_tim_ex.o(i.HAL_TIMEx_HallSensor_MspInit) for HAL_TIMEx_HallSensor_MspInit
    stm32f1xx_hal_tim_ex.o(i.HAL_TIMEx_HallSensor_Init) refers to stm32f1xx_hal_tim.o(i.TIM_Base_SetConfig) for TIM_Base_SetConfig
    stm32f1xx_hal_tim_ex.o(i.HAL_TIMEx_HallSensor_Init) refers to stm32f1xx_hal_tim.o(i.TIM_TI1_SetConfig) for TIM_TI1_SetConfig
    stm32f1xx_hal_tim_ex.o(i.HAL_TIMEx_HallSensor_Init) refers to stm32f1xx_hal_tim.o(i.TIM_OC2_SetConfig) for TIM_OC2_SetConfig
    stm32f1xx_hal_tim_ex.o(i.HAL_TIMEx_HallSensor_Start) refers to stm32f1xx_hal_tim.o(i.TIM_CCxChannelCmd) for TIM_CCxChannelCmd
    stm32f1xx_hal_tim_ex.o(i.HAL_TIMEx_HallSensor_Start_DMA) refers to stm32f1xx_hal_tim.o(i.TIM_CCxChannelCmd) for TIM_CCxChannelCmd
    stm32f1xx_hal_tim_ex.o(i.HAL_TIMEx_HallSensor_Start_DMA) refers to stm32f1xx_hal_dma.o(i.HAL_DMA_Start_IT) for HAL_DMA_Start_IT
    stm32f1xx_hal_tim_ex.o(i.HAL_TIMEx_HallSensor_Start_DMA) refers to stm32f1xx_hal_tim.o(i.TIM_DMACaptureCplt) for TIM_DMACaptureCplt
    stm32f1xx_hal_tim_ex.o(i.HAL_TIMEx_HallSensor_Start_DMA) refers to stm32f1xx_hal_tim.o(i.TIM_DMAError) for TIM_DMAError
    stm32f1xx_hal_tim_ex.o(i.HAL_TIMEx_HallSensor_Start_IT) refers to stm32f1xx_hal_tim.o(i.TIM_CCxChannelCmd) for TIM_CCxChannelCmd
    stm32f1xx_hal_tim_ex.o(i.HAL_TIMEx_HallSensor_Stop) refers to stm32f1xx_hal_tim.o(i.TIM_CCxChannelCmd) for TIM_CCxChannelCmd
[...]
    i.__scatterload_zeroinit                 0x08006f30   Section       14  handlers.o(i.__scatterload_zeroinit)
    i._fp_digits                             0x08006f40   Section        0  printfa.o(i._fp_digits)
    _fp_digits                               0x08006f41   Thumb Code   334  printfa.o(i._fp_digits)
    i._is_digit                              0x080070a4   Section        0  scanf_fp.o(i._is_digit)
    i._printf_core                           0x080070b4   Section        0  printfa.o(i._printf_core)
    _printf_core                             0x080070b5   Thumb Code  1744  printfa.o(i._printf_core)
    i._printf_post_padding                   0x08007790   Section        0  printfa.o(i._printf_post_padding)
    _printf_post_padding                     0x08007791   Thumb Code    36  printfa.o(i._printf_post_padding)
    i._printf_pre_padding                    0x080077b4   Section        0  printfa.o(i._printf_pre_padding)
    _printf_pre_padding                      0x080077b5   Thumb Code    46  printfa.o(i._printf_pre_padding)
    i._sputc                                 0x080077e2   Section        0  printfa.o(i._sputc)
    _sputc                                   0x080077e3   Thumb Code    10  printfa.o(i._sputc)
    i.delay_ms                               0x080077ec   Section        0  delay.o(i.delay_ms)
    i.get_LatLon                             0x08007804   Section        0  gps.o(i.get_LatLon)
    i.get_LineFromGPSMsg                     0x08007868   Section        0  uart.o(i.get_LineFromGPSMsg)
    i.get_OneMessage                         0x080078e0   Section        0  gps.o(i.get_OneMessage)
    i.get_gpsLevel                           0x080078ec   Section        0  gps.o(i.get_gpsLevel)
    i.get_mytime                             0x08007910   Section        0  application.o(i.get_mytime)
    i.get_str                                0x0800792c   Section        0  gps.o(i.get_str)
    i.get_timeDate                           0x08007958   Section        0  application.o(i.get_timeDate)
    i.global_updatetime                      0x080079c8   Section        0  application.o(i.global_updatetime)
    i.main                                   0x08007b38   Section        0  main.o(i.main)
    i.oled_displayClear                      0x08007c14   Section        0  drv_oled.o(i.oled_displayClear)
    oled_displayClear                        0x08007c15   Thumb Code   204  drv_oled.o(i.oled_displayClear)
    i.oled_displayOff                        0x08007cec   Section        0  drv_oled.o(i.oled_displayOff)
    oled_displayOff                          0x08007ced   Thumb Code    18  drv_oled.o(i.oled_displayOff)
    i.oled_displayOn                         0x08007d04   Section        0  drv_oled.o(i.oled_displayOn)
    oled_displayOn                           0x08007d05   Thumb Code    18  drv_oled.o(i.oled_displayOn)
    i.oled_displayUpdate                     0x08007d1c   Section        0  drv_oled.o(i.oled_displayUpdate)
    oled_displayUpdate                       0x08007d1d   Thumb Code   154  drv_oled.o(i.oled_displayUpdate)
    i.oled_drawBMP                           0x08007dc0   Section        0  drv_oled.o(i.oled_drawBMP)
    oled_drawBMP                             0x08007dc1   Thumb Code   162  drv_oled.o(i.oled_drawBMP)
    i.oled_drawHLine                         0x08007e70   Section        0  drv_oled.o(i.oled_drawHLine)
    oled_drawHLine                           0x08007e71   Thumb Code   124  drv_oled.o(i.oled_drawHLine)
    i.oled_drawRawHLine                      0x08007ef0   Section        0  drv_oled.o(i.oled_drawRawHLine)
    oled_drawRawHLine                        0x08007ef1   Thumb Code   110  drv_oled.o(i.oled_drawRawHLine)
    i.oled_drawVLine                         0x08007f64   Section        0  drv_oled.o(i.oled_drawVLine)
    oled_drawVLine                           0x08007f65   Thumb Code   190  drv_oled.o(i.oled_drawVLine)
    i.oled_getPixel                          0x08008030   Section        0  drv_oled.o(i.oled_getPixel)
    oled_getPixel                            0x08008031   Thumb Code    48  drv_oled.o(i.oled_getPixel)
    i.oled_setPixel                          0x08008064   Section        0  drv_oled.o(i.oled_setPixel)
    oled_setPixel                            0x08008065   Thumb Code    98  drv_oled.o(i.oled_setPixel)
    i.oled_setUpdateFlag                     0x080080cc   Section        0  drv_oled.o(i.oled_setUpdateFlag)
    oled_setUpdateFlag                       0x080080cd   Thumb Code    66  drv_oled.o(i.oled_setUpdateFlag)
    i.oled_writeCmd                          0x08008114   Section        0  drv_oled.o(i.oled_writeCmd)
    oled_writeCmd                            0x08008115   Thumb Code    14  drv_oled.o(i.oled_writeCmd)
    i.oled_writeData                         0x08008122   Section        0  drv_oled.o(i.oled_writeData)
    oled_writeData                           0x08008123   Thumb Code    30  drv_oled.o(i.oled_writeData)
    i.oled_writeLongCmd                      0x08008140   Section        0  drv_oled.o(i.oled_writeLongCmd)
    oled_writeLongCmd                        0x08008141   Thumb Code    30  drv_oled.o(i.oled_writeLongCmd)
    i.set_UpdateFlag                         0x08008160   Section        0  main.o(i.set_UpdateFlag)
    i.soft_delay_ms                          0x080081a0   Section        0  main.o(i.soft_delay_ms)
    i.ssd1306_init                           0x080081c8   Section        0  drv_oled.o(i.ssd1306_init)
    ssd1306_init                             0x080081c9   Thumb Code   300  drv_oled.o(i.ssd1306_init)
    i.stm32_hw_oled_init                     0x080082f8   Section        0  drv_oled.o(i.stm32_hw_oled_init)
    i.time_increase                          0x08008318   Section        0  application.o(i.time_increase)
    i.uart_print                             0x080083e4   Section        0  stdio_redirect.o(i.uart_print)
    i.uart_printStatus                       0x08008414   Section        0  stdio_redirect.o(i.uart_printStatus)
    i.uart_rx_init                           0x08008430   Section        0  uart.o(i.uart_rx_init)
    i.uart_rx_processing                     0x08008464   Section        0  uart.o(i.uart_rx_processing)
    i.uart_send                              0x080084b8   Section        0  stdio_redirect.o(i.uart_send)
    i.waitDelay                              0x080084e4   Section        0  gd25q64cxigx.o(i.waitDelay)
    i.writeStatusReg1                        0x080084f4   Section        0  gd25q64cxigx.o(i.writeStatusReg1)
    writeStatusReg1                          0x080084f5   Thumb Code   116  gd25q64cxigx.o(i.writeStatusReg1)
    i.writeStatusReg2                        0x08008570   Section        0  gd25q64cxigx.o(i.writeStatusReg2)
    writeStatusReg2                          0x08008571   Thumb Code   116  gd25q64cxigx.o(i.writeStatusReg2)
    i.writeStatusReg3                        0x080085ec   Section        0  gd25q64cxigx.o(i.writeStatusReg3)
    writeStatusReg3                          0x080085ed   Thumb Code   116  gd25q64cxigx.o(i.writeStatusReg3)
    .constdata                               0x08008668   Section       24  system_stm32f1xx.o(.constdata)
    .constdata                               0x08008680   Section      170  main.o(.constdata)
    .constdata                               0x0800872a   Section    17412  gui.o(.constdata)
    .constdata                               0x0800cb30   Section       52  drv_oled.o(.constdata)
    oled_ops                                 0x0800cb30   Data          40  drv_oled.o(.constdata)
    oled_info                                0x0800cb58   Data          12  drv_oled.o(.constdata)
    .constdata                               0x0800cb64   Section       12  application.o(.constdata)
    numberOfMonth                            0x0800cb64   Data          12  application.o(.constdata)
    .constdata                               0x0800cb70   Section       64  ctype_c.o(.constdata)
    .conststring                             0x0800cbb0   Section      113  record.o(.conststring)
    .data                                    0x20000000   Section        4  system_stm32f1xx.o(.data)
    .data                                    0x20000004   Section        9  stm32f1xx_hal.o(.data)
    .data                                    0x20000010   Section       88  main.o(.data)
    keyState                                 0x20000018   Data           1  main.o(.data)
    shutdownTime                             0x2000001c   Data           4  main.o(.data)
    gpsLevel                                 0x20000020   Data           1  main.o(.data)
    stars                                    0x20000021   Data           1  main.o(.data)
    pwmCh1Counter                            0x20000024   Data           4  main.o(.data)
    pwmCh2Counter                            0x20000028   Data           4  main.o(.data)
    pwmCh3Counter                            0x2000002c   Data           4  main.o(.data)
    pwmCh4Counter                            0x20000030   Data           4  main.o(.data)
    pwmCh5Counter                            0x20000034   Data           4  main.o(.data)
    pwmCh6Counter                            0x20000038   Data           4  main.o(.data)
    updateFlag                               0x2000003c   Data           1  main.o(.data)
    channelFlag                              0x2000003d   Data           1  main.o(.data)
    displayDate                              0x2000003e   Data          11  main.o(.data)
    displayTime                              0x20000049   Data           6  main.o(.data)
    pReadFile                                0x20000050   Data           4  main.o(.data)
    pWriteFile                               0x20000054   Data           4  main.o(.data)
    msCnt                                    0x20000058   Data           2  main.o(.data)
    record                                   0x2000005a   Data           1  main.o(.data)
    time                                     0x2000005b   Data           7  main.o(.data)
    readFlag                                 0x20000062   Data           1  main.o(.data)
    direct                                   0x20000063   Data           4  main.o(.data)
    status                                   0x20000067   Data           1  main.o(.data)
    .data                                    0x20000068   Section      565  gui.o(.data)
    gui_handle                               0x20000298   Data           4  gui.o(.data)
    fonts                                    0x2000029c   Data           1  gui.o(.data)
    .data                                    0x200002a0   Section       32  drv_oled.o(.data)
    handle                                   0x200002b8   Data           8  drv_oled.o(.data)
    .data                                    0x200002c0   Section        1  gd25q64cxigx.o(.data)
    TxRxCompleteFlag                         0x200002c0   Data           1  gd25q64cxigx.o(.data)
    .data                                    0x200002c4   Section       16  uart.o(.data)
    gps_recive_flag                          0x200002c4   Data           1  uart.o(.data)
    gps_recive_cnt                           0x200002c5   Data           1  uart.o(.data)
    cmd_recive                               0x200002c6   Data           8  uart.o(.data)
    cmd_recive_flag                          0x200002ce   Data           1  uart.o(.data)
    log_send_flag                            0x200002cf   Data           1  uart.o(.data)
    ptr                                      0x200002d0   Data           4  uart.o(.data)
    .data                                    0x200002d4   Section       10  gps.o(.data)
    gps_time                                 0x200002d4   Data           7  gps.o(.data)
    stars                                    0x200002db   Data           1  gps.o(.data)
    starsFlag                                0x200002dc   Data           1  gps.o(.data)
    preStars                                 0x200002dd   Data           1  gps.o(.data)
    .data                                    0x200002e0   Section       29  record.o(.data)
    LTimeFormat                              0x200002e0   Data           4  record.o(.data)
    RTimeFormat                              0x200002e4   Data           4  record.o(.data)
    PwmFormat                                0x200002e8   Data           4  record.o(.data)
    file_Address                             0x200002ec   Data           8  record.o(.data)
    file_AddressSaveAddress                  0x200002f4   Data           4  record.o(.data)
    currentFileAddress                       0x200002f8   Data           4  record.o(.data)
    lastFile_operate                         0x200002fc   Data           1  record.o(.data)
    .data                                    0x20000300   Section       12  application.o(.data)
    preMinute                                0x20000307   Data           1  application.o(.data)
    updatetime                               0x20000308   Data           4  application.o(.data)
    .bss                                     0x2000030c   Section     1500  main.o(.bss)
    .bss                                     0x200008e8   Section     1024  drv_oled.o(.bss)
    frame_buffer                             0x200008e8   Data        1024  drv_oled.o(.bss)
    .bss                                     0x20000ce8   Section      520  gd25q64cxigx.o(.bss)
    spi_tx_buffer                            0x20000ce8   Data         260  gd25q64cxigx.o(.bss)
    spi_rx_buffer                            0x20000dec   Data         260  gd25q64cxigx.o(.bss)
    .bss                                     0x20000ef0   Section      256  uart.o(.bss)
    gps_recive                               0x20000ef0   Data         256  uart.o(.bss)
    .bss                                     0x20000ff0   Section      178  gps.o(.bss)
    gps_gga_msg                              0x20000ff0   Data          97  gps.o(.bss)
    gps_rmc_msg                              0x20001051   Data          81  gps.o(.bss)
    .bss                                     0x200010a4   Section     2144  record.o(.bss)
    writeFile                                0x200010a4   Data        1072  record.o(.bss)
    readFile                                 0x200014d4   Data        1072  record.o(.bss)
    STACK                                    0x20001908   Section     1024  startup_stm32f103xe.o(STACK)

    Global Symbols

    Symbol Name                              Value     Ov Type        Size  Object(Section)

    BuildAttributes$$THM_ISAv4$P$D$K$B$S$PE$A:L22UL41UL21$X:L11$S22US41US21$IEEE1$IW$USESV6$~STKCKD$USESV7$~SHL$OTIME$ROPI$EBA8$MICROLIB$REQ8$PRES8$EABIv2 0x00000000   Number         0  anon$$obj.o ABSOLUTE
    __ARM_use_no_argv                        0x00000000   Number         0  main.o ABSOLUTE
    _printf_a                                0x00000000   Number         0  stubs.o ABSOLUTE
    _printf_c                                0x00000000   Number         0  stubs.o ABSOLUTE
    _printf_charcount                        0x00000000   Number         0  stubs.o ABSOLUTE
    _printf_d                                0x00000000   Number         0  stubs.o ABSOLUTE
    _printf_e                                0x00000000   Number         0  stubs.o ABSOLUTE
    _printf_f                                0x00000000   Number         0  stubs.o ABSOLUTE
    _printf_flags                            0x00000000   Number         0  stubs.o ABSOLUTE
    _printf_fp_dec                           0x00000000   Number         0  stubs.o ABSOLUTE
    _printf_fp_hex                           0x00000000   Number         0  stubs.o ABSOLUTE
    _printf_g                                0x00000000   Number         0  stubs.o ABSOLUTE
    _printf_i                                0x00000000   Number         0  stubs.o ABSOLUTE
    _printf_int_dec                          0x00000000   Number         0  stubs.o ABSOLUTE
    _printf_l                                0x00000000   Number         0  stubs.o ABSOLUTE
    _printf_lc                               0x00000000   Number         0  stubs.o ABSOLUTE
    _printf_ll                               0x00000000   Number         0  stubs.o ABSOLUTE
    _printf_lld                              0x00000000   Number         0  stubs.o ABSOLUTE
    _printf_lli                              0x00000000   Number         0  stubs.o ABSOLUTE
    _printf_llo                              0x00000000   Number         0  stubs.o ABSOLUTE
    _printf_llu                              0x00000000   Number         0  stubs.o ABSOLUTE
    _printf_llx                              0x00000000   Number         0  stubs.o ABSOLUTE
    _printf_longlong_dec                     0x00000000   Number         0  stubs.o ABSOLUTE
    _printf_longlong_hex                     0x00000000   Number         0  stubs.o ABSOLUTE
    _printf_longlong_oct                     0x00000000   Number         0  stubs.o ABSOLUTE
    _printf_ls                               0x00000000   Number         0  stubs.o ABSOLUTE
    _printf_mbtowc                           0x00000000   Number         0  stubs.o ABSOLUTE
    _printf_n                                0x00000000   Number         0  stubs.o ABSOLUTE
    _printf_o                                0x00000000   Number         0  stubs.o ABSOLUTE
    _printf_p                                0x00000000   Number         0  stubs.o ABSOLUTE
    _printf_percent                          0x00000000   Number         0  stubs.o ABSOLUTE
    _printf_pre_padding                      0x00000000   Number         0  stubs.o ABSOLUTE
    _printf_return_value                     0x00000000   Number         0  stubs.o ABSOLUTE
    _printf_s                                0x00000000   Number         0  stubs.o ABSOLUTE
    _printf_sizespec                         0x00000000   Number         0  stubs.o ABSOLUTE
    _printf_str                              0x00000000   Number         0  stubs.o ABSOLUTE
    _printf_truncate_signed                  0x00000000   Number         0  stubs.o ABSOLUTE
    _printf_truncate_unsigned                0x00000000   Number         0  stubs.o ABSOLUTE
    _printf_u                                0x00000000   Number         0  stubs.o ABSOLUTE
    _printf_wc                               0x00000000   Number         0  stubs.o ABSOLUTE
    _printf_wctomb                           0x00000000   Number         0  stubs.o ABSOLUTE
    _printf_widthprec                        0x00000000   Number         0  stubs.o ABSOLUTE
    _printf_x                                0x00000000   Number         0  stubs.o ABSOLUTE
    __cpp_initialize__aeabi_                  - Undefined Weak Reference
    __cxa_finalize                            - Undefined Weak Reference
    _clock_init                               - Undefined Weak Reference
    _microlib_exit                            - Undefined Weak Reference
    __Vectors_Size                           0x00000130   Number         0  startup_stm32f103xe.o ABSOLUTE
    __Vectors                                0x08000000   Data           4  startup_stm32f103xe.o(RESET)
    __Vectors_End                            0x08000130   Data           0  startup_stm32f103xe.o(RESET)
    __main                                   0x08000131   Thumb Code     0  entry.o(.ARM.Collect$$$$00000000)
    _main_stk                                0x08000131   Thumb Code     0  entry2.o(.ARM.Collect$$$$00000001)
    _main_scatterload                        0x08000135   Thumb Code     0  entry5.o(.ARM.Collect$$$$00000004)
    __main_after_scatterload                 0x08000139   Thumb Code     0  entry5.o(.ARM.Collect$$$$00000004)
    _main_clock                              0x08000139   Thumb Code     0  entry7b.o(.ARM.Collect$$$$00000008)
    _main_cpp_init                           0x08000139   Thumb Code     0  entry8b.o(.ARM.Collect$$$$0000000A)
    _main_init                               0x08000139   Thumb Code     0  entry9a.o(.ARM.Collect$$$$0000000B)
    __rt_final_cpp                           0x08000141   Thumb Code     0  entry10a.o(.ARM.Collect$$$$0000000D)
    __rt_final_exit                          0x08000141   Thumb Code     0  entry11a.o(.ARM.Collect$$$$0000000F)
    Reset_Handler                            0x08000145   Thumb Code     8  startup_stm32f103xe.o(.text)
    ADC1_2_IRQHandler                        0x0800015f   Thumb Code     0  startup_stm32f103xe.o(.text)
    ADC3_IRQHandler                          0x0800015f   Thumb Code     0  startup_stm32f103xe.o(.text)
    CAN1_RX1_IRQHandler                      0x0800015f   Thumb Code     0  startup_stm32f103xe.o(.text)
    CAN1_SCE_IRQHandler                      0x0800015f   Thumb Code     0  startup_stm32f103xe.o(.text)
    DMA1_Channel1_IRQHandler                 0x0800015f   Thumb Code     0  startup_stm32f103xe.o(.text)
    DMA1_Channel2_IRQHandler                 0x0800015f   Thumb Code     0  startup_stm32f103xe.o(.text)
    DMA1_Channel3_IRQHandler                 0x0800015f   Thumb Code     0  startup_stm32f103xe.o(.text)
    DMA1_Channel4_IRQHandler                 0x0800015f   Thumb Code     0  startup_stm32f103xe.o(.text)
    DMA1_Channel5_IRQHandler                 0x0800015f   Thumb Code     0  startup_stm32f103xe.o(.text)
    DMA1_Channel6_IRQHandler                 0x0800015f   Thumb Code     0  startup_stm32f103xe.o(.text)
    DMA1_Channel7_IRQHandler                 0x0800015f   Thumb Code     0  startup_stm32f103xe.o(.text)
    DMA2_Channel1_IRQHandler                 0x0800015f   Thumb Code     0  startup_stm32f103xe.o(.text)
    DMA2_Channel2_IRQHandler                 0x0800015f   Thumb Code     0  startup_stm32f103xe.o(.text)
    DMA2_Channel3_IRQHandler                 0x0800015f   Thumb Code     0  startup_stm32f103xe.o(.text)
    DMA2_Channel4_5_IRQHandler               0x0800015f   Thumb Code     0  startup_stm32f103xe.o(.text)
    EXTI0_IRQHandler                         0x0800015f   Thumb Code     0  startup_stm32f103xe.o(.text)
    EXTI15_10_IRQHandler                     0x0800015f   Thumb Code     0  startup_stm32f103xe.o(.text)
    EXTI1_IRQHandler                         0x0800015f   Thumb Code     0  startup_stm32f103xe.o(.text)
    EXTI3_IRQHandler                         0x0800015f   Thumb Code     0  startup_stm32f103xe.o(.text)
    FLASH_IRQHandler                         0x0800015f   Thumb Code     0  startup_stm32f103xe.o(.text)
    FSMC_IRQHandler                          0x0800015f   Thumb Code     0  startup_stm32f103xe.o(.text)
    I2C1_ER_IRQHandler                       0x0800015f   Thumb Code     0  startup_stm32f103xe.o(.text)
    I2C1_EV_IRQHandler                       0x0800015f   Thumb Code     0  startup_stm32f103xe.o(.text)
    I2C2_ER_IRQHandler                       0x0800015f   Thumb Code     0  startup_stm32f103xe.o(.text)
    I2C2_EV_IRQHandler                       0x0800015f   Thumb Code     0  startup_stm32f103xe.o(.text)
    PVD_IRQHandler                           0x0800015f   Thumb Code     0  startup_stm32f103xe.o(.text)
    RCC_IRQHandler                           0x0800015f   Thumb Code     0  startup_stm32f103xe.o(.text)
    RTC_Alarm_IRQHandler                     0x0800015f   Thumb Code     0  startup_stm32f103xe.o(.text)
    RTC_IRQHandler                           0x0800015f   Thumb Code     0  startup_stm32f103xe.o(.text)
    SDIO_IRQHandler                          0x0800015f   Thumb Code     0  startup_stm32f103xe.o(.text)
    SPI1_IRQHandler                          0x0800015f   Thumb Code     0  startup_stm32f103xe.o(.text)
    SPI3_IRQHandler                          0x0800015f   Thumb Code     0  startup_stm32f103xe.o(.text)
    TAMPER_IRQHandler                        0x0800015f   Thumb Code     0  startup_stm32f103xe.o(.text)
    TIM1_BRK_IRQHandler                      0x0800015f   Thumb Code     0  startup_stm32f103xe.o(.text)
    TIM1_CC_IRQHandler                       0x0800015f   Thumb Code     0  startup_stm32f103xe.o(.text)
    TIM1_TRG_COM_IRQHandler                  0x0800015f   Thumb Code     0  startup_stm32f103xe.o(.text)
    TIM1_UP_IRQHandler                       0x0800015f   Thumb Code     0  startup_stm32f103xe.o(.text)
    TIM2_IRQHandler                          0x0800015f   Thumb Code     0  startup_stm32f103xe.o(.text)
    TIM4_IRQHandler                          0x0800015f   Thumb Code     0  startup_stm32f103xe.o(.text)
    TIM5_IRQHandler                          0x0800015f   Thumb Code     0  startup_stm32f103xe.o(.text)
    TIM6_IRQHandler                          0x0800015f   Thumb Code     0  startup_stm32f103xe.o(.text)
    TIM7_IRQHandler                          0x0800015f   Thumb Code     0  startup_stm32f103xe.o(.text)
    TIM8_BRK_IRQHandler                      0x0800015f   Thumb Code     0  startup_stm32f103xe.o(.text)
    TIM8_CC_IRQHandler                       0x0800015f   Thumb Code     0  startup_stm32f103xe.o(.text)
    TIM8_TRG_COM_IRQHandler                  0x0800015f   Thumb Code     0  startup_stm32f103xe.o(.text)
    TIM8_UP_IRQHandler                       0x0800015f   Thumb Code     0  startup_stm32f103xe.o(.text)
    UART5_IRQHandler                         0x0800015f   Thumb Code     0  startup_stm32f103xe.o(.text)
    USART2_IRQHandler                        0x0800015f   Thumb Code     0  startup_stm32f103xe.o(.text)
    USBWakeUp_IRQHandler                     0x0800015f   Thumb Code     0  startup_stm32f103xe.o(.text)
    WWDG_IRQHandler                          0x0800015f   Thumb Code     0  startup_stm32f103xe.o(.text)
    __aeabi_llsr                             0x08000169   Thumb Code    32  llushr.o(.text)
    _ll_ushift_r                             0x08000169   Thumb Code     0  llushr.o(.text)
    __aeabi_memcpy                           0x08000189   Thumb Code    36  memcpya.o(.text)
    __aeabi_memcpy4                          0x08000189   Thumb Code     0  memcpya.o(.text)
    __aeabi_memcpy8                          0x08000189   Thumb Code     0  memcpya.o(.text)
    __aeabi_memset                           0x080001ad   Thumb Code    14  memseta.o(.text)
    __aeabi_memset4                          0x080001ad   Thumb Code     0  memseta.o(.text)
    __aeabi_memset8                          0x080001ad   Thumb Code     0  memseta.o(.text)
    __aeabi_memclr                           0x080001bb   Thumb Code     4  memseta.o(.text)
    __aeabi_memclr4                          0x080001bb   Thumb Code     0  memseta.o(.text)
    __aeabi_memclr8                          0x080001bb   Thumb Code     0  memseta.o(.text)
    _memset$wrapper                          0x080001bf   Thumb Code    18  memseta.o(.text)
    strlen                                   0x080001d1   Thumb Code    14  strlen.o(.text)
    strcpy                                   0x080001df   Thumb Code    18  strcpy.o(.text)
    strncmp                                  0x080001f1   Thumb Code    30  strncmp.o(.text)
    sscanf                                   0x08000211   Thumb Code    48  sscanf.o(.text)
    __aeabi_uidiv                            0x08000249   Thumb Code     0  uidiv.o(.text)
    __aeabi_uidivmod                         0x08000249   Thumb Code    44  uidiv.o(.text)
    __aeabi_uldivmod                         0x08000275   Thumb Code    98  uldiv.o(.text)
    _scanf_longlong                          0x080002d7   Thumb Code   342  _scanf_longlong.o(.text)
    _scanf_int                               0x0800042d   Thumb Code   332  _scanf_int.o(.text)
    _scanf_string                            0x08000579   Thumb Code   224  _scanf_str.o(.text)
    _scanf_real                              0x08000759   Thumb Code     0  scanf_fp.o(.text)
    _scanf_really_real                       0x08000759   Thumb Code   556  scanf_fp.o(.text)
    __vfscanf_char                           0x0800099d   Thumb Code    20  scanf_char.o(.text)
    _sgetc                                   0x080009b9   Thumb Code    30  _sgetc.o(.text)
    _sbackspace                              0x080009d7   Thumb Code    34  _sgetc.o(.text)
    __I$use$fp                               0x080009f9   Thumb Code     0  iusefp.o(.text)
    __aeabi_dadd                             0x080009f9   Thumb Code   322  dadd.o(.text)
    __aeabi_dsub                             0x08000b3b   Thumb Code     6  dadd.o(.text)
    __aeabi_drsub                            0x08000b41   Thumb Code     6  dadd.o(.text)
    __aeabi_dmul                             0x08000b47   Thumb Code   228  dmul.o(.text)
    __aeabi_ddiv                             0x08000c2b   Thumb Code   222  ddiv.o(.text)
    __aeabi_d2ulz                            0x08000d09   Thumb Code    48  dfixul.o(.text)
    __aeabi_cdrcmple                         0x08000d39   Thumb Code    48  cdrcmple.o(.text)
    __scatterload                            0x08000d69   Thumb Code    28  init.o(.text)
    __scatterload_rt2                        0x08000d69   Thumb Code     0  init.o(.text)
    __aeabi_llsl                             0x08000d8d   Thumb Code    30  llshl.o(.text)
    _ll_shift_l                              0x08000d8d   Thumb Code     0  llshl.o(.text)
    __aeabi_lasr                             0x08000dab   Thumb Code    36  llsshr.o(.text)
    _ll_sshift_r                             0x08000dab   Thumb Code     0  llsshr.o(.text)
    isspace                                  0x08000dcf   Thumb Code    10  isspace_c.o(.text)
    _chval                                   0x08000dd9   Thumb Code    28  _chval.o(.text)
    __vfscanf                                0x08000df5   Thumb Code   808  _scanf.o(.text)
    _double_round                            0x08001121   Thumb Code    30  depilogue.o(.text)
    _double_epilogue                         0x0800113f   Thumb Code   156  depilogue.o(.text)
    __aeabi_ul2d                             0x080011db   Thumb Code    24  dfltul.o(.text)
    __aeabi_d2f                              0x080011f3   Thumb Code    56  d2f.o(.text)
    __ctype_lookup                           0x0800122d   Thumb Code    34  ctype_c.o(.text)
    _float_round                             0x08001255   Thumb Code    18  fepilogue.o(.text)
    _float_epilogue                          0x08001267   Thumb Code    92  fepilogue.o(.text)
    __decompress                             0x080012c3   Thumb Code     0  __dczerorl2.o(.text)
    __decompress1                            0x080012c3   Thumb Code    86  __dczerorl2.o(.text)
    BusFault_Handler                         0x08001319   Thumb Code     4  stm32f1xx_it.o(i.BusFault_Handler)
    CMD_SendRXError                          0x0800131d   Thumb Code    30  uart.o(i.CMD_SendRXError)
    CMD_clearFlag                            0x0800134d   Thumb Code    12  uart.o(i.CMD_clearFlag)
    CMD_getDirect                            0x0800135d   Thumb Code   128  uart.o(i.CMD_getDirect)
    CMD_getFlag                              0x080013e1   Thumb Code     6  uart.o(i.CMD_getFlag)
    CMD_receive                              0x080013ed   Thumb Code    14  uart.o(i.CMD_receive)
    DebugMon_Handler                         0x08001405   Thumb Code     2  stm32f1xx_it.o(i.DebugMon_Handler)
    DisplayInitialize                        0x08001409   Thumb Code    40  main.o(i.DisplayInitialize)
    DisplayPWMCounter                        0x08001441   Thumb Code   300  main.o(i.DisplayPWMCounter)
    DisplayShowTime                          0x08001589   Thumb Code    46  main.o(i.DisplayShowTime)
    DisplayTable                             0x080015c1   Thumb Code    54  main.o(i.DisplayTable)
    DisplayUpdate                            0x080015f9   Thumb Code   326  main.o(i.DisplayUpdate)
    Display_gpsLevel                         0x08001769   Thumb Code    42  main.o(i.Display_gpsLevel)
    Display_stars                            0x08001799   Thumb Code    70  main.o(i.Display_stars)
    EXTI2_IRQHandler                         0x080017e5   Thumb Code    10  stm32f1xx_it.o(i.EXTI2_IRQHandler)
    EXTI4_IRQHandler                         0x080017ef   Thumb Code    10  stm32f1xx_it.o(i.EXTI4_IRQHandler)
    EXTI9_5_IRQHandler                       0x080017f9   Thumb Code    26  stm32f1xx_it.o(i.EXTI9_5_IRQHandler)
    FILE_Init                                0x08001889   Thumb Code   186  record.o(i.FILE_Init)
    FILE_clearRecord                         0x08001959   Thumb Code    66  record.o(i.FILE_clearRecord)
    FILE_close                               0x080019b1   Thumb Code    16  record.o(i.FILE_close)
    FILE_findFront                           0x080019c1   Thumb Code   122  record.o(i.FILE_findFront)
    FILE_findLast                            0x08001a4d   Thumb Code   188  record.o(i.FILE_findLast)
    FILE_readInit                            0x08001b1d   Thumb Code   782  record.o(i.FILE_readInit)
    FILE_readPage                            0x08001e45   Thumb Code   412  record.o(i.FILE_readPage)
    FILE_writeFlash                          0x08002101   Thumb Code   334  record.o(i.FILE_writeFlash)
    FILE_writeGPSCache                       0x08002259   Thumb Code    70  record.o(i.FILE_writeGPSCache)
    FILE_writeInit                           0x080022a1   Thumb Code    56  record.o(i.FILE_writeInit)
    FILE_writeTime                           0x080022e1   Thumb Code   146  record.o(i.FILE_writeTime)
    Flash_Initialize                         0x0800237d   Thumb Code     8  flash.o(i.Flash_Initialize)
    Flash_eraseSector                        0x08002385   Thumb Code    12  flash.o(i.Flash_eraseSector)
    Flash_readData                           0x08002391   Thumb Code    24  flash.o(i.Flash_readData)
    Flash_writeData                          0x080023a9   Thumb Code    24  flash.o(i.Flash_writeData)
    GPS_CoorOutput                           0x080023c1   Thumb Code   682  main.o(i.GPS_CoorOutput)
    GPS_CoorRecord                           0x08002709   Thumb Code   516  main.o(i.GPS_CoorRecord)
    GPS_MessgeDecode                         0x0800292d   Thumb Code  1180  gps.o(i.GPS_MessgeDecode)
    GUI_DrawBMP                              0x08002dd1   Thumb Code    54  gui.o(i.GUI_DrawBMP)
    GUI_DrawHLine                            0x08002e0d   Thumb Code    44  gui.o(i.GUI_DrawHLine)
    GUI_DrawVLine                            0x08002e3d   Thumb Code    44  gui.o(i.GUI_DrawVLine)
    GUI_Init                                 0x08002e6d   Thumb Code    12  gui.o(i.GUI_Init)
    GUI_Off                                  0x08002e7d   Thumb Code    14  gui.o(i.GUI_Off)
    GUI_ShowChar                             0x08002e91   Thumb Code   110  gui.o(i.GUI_ShowChar)
    GUI_ShowChinese                          0x08002f0d   Thumb Code    88  gui.o(i.GUI_ShowChinese)
    GUI_ShowString                           0x08002f71   Thumb Code    94  gui.o(i.GUI_ShowString)
    GUI_clearWindow                          0x08002fd9   Thumb Code    60  gui.o(i.GUI_clearWindow)
    GUI_setFonts                             0x08003019   Thumb Code     6  gui.o(i.GUI_setFonts)
    HAL_CRC_Init                             0x08003025   Thumb Code    32  stm32f1xx_hal_crc.o(i.HAL_CRC_Init)
    HAL_CRC_MspInit                          0x08003045   Thumb Code    40  stm32f1xx_hal_msp.o(i.HAL_CRC_MspInit)
    HAL_DMA_Abort_IT                         0x08003075   Thumb Code   414  stm32f1xx_hal_dma.o(i.HAL_DMA_Abort_IT)
    HAL_Delay                                0x0800321d   Thumb Code    36  stm32f1xx_hal.o(i.HAL_Delay)
    HAL_GPIO_EXTI_Callback                   0x08003245   Thumb Code   308  main.o(i.HAL_GPIO_EXTI_Callback)
    HAL_GPIO_EXTI_IRQHandler                 0x080033a5   Thumb Code    24  stm32f1xx_hal_gpio.o(i.HAL_GPIO_EXTI_IRQHandler)
    HAL_GPIO_Init                            0x080033c1   Thumb Code   790  stm32f1xx_hal_gpio.o(i.HAL_GPIO_Init)
    HAL_GPIO_ReadPin                         0x08003701   Thumb Code    16  stm32f1xx_hal_gpio.o(i.HAL_GPIO_ReadPin)
    HAL_GPIO_WritePin                        0x08003711   Thumb Code    12  stm32f1xx_hal_gpio.o(i.HAL_GPIO_WritePin)
    HAL_GetTick                              0x0800371d   Thumb Code     6  stm32f1xx_hal.o(i.HAL_GetTick)
    HAL_IncTick                              0x08003729   Thumb Code    16  stm32f1xx_hal.o(i.HAL_IncTick)
    HAL_Init                                 0x08003741   Thumb Code    34  stm32f1xx_hal.o(i.HAL_Init)
    HAL_InitTick                             0x08003769   Thumb Code    64  stm32f1xx_hal.o(i.HAL_InitTick)
    HAL_MspInit                              0x080037b5   Thumb Code   132  stm32f1xx_hal_msp.o(i.HAL_MspInit)
    HAL_NVIC_EnableIRQ                       0x08003841   Thumb Code    26  stm32f1xx_hal_cortex.o(i.HAL_NVIC_EnableIRQ)
    HAL_NVIC_SetPriority                     0x0800385b   Thumb Code   124  stm32f1xx_hal_cortex.o(i.HAL_NVIC_SetPriority)
    HAL_NVIC_SetPriorityGrouping             0x080038d9   Thumb Code    32  stm32f1xx_hal_cortex.o(i.HAL_NVIC_SetPriorityGrouping)
    HAL_PCD_DataInStageCallback              0x08003901   Thumb Code     2  stm32f1xx_hal_pcd.o(i.HAL_PCD_DataInStageCallback)
    HAL_PCD_DataOutStageCallback             0x08003903   Thumb Code     2  stm32f1xx_hal_pcd.o(i.HAL_PCD_DataOutStageCallback)
    HAL_PCD_EP_Receive                       0x08003905   Thumb Code    74  stm32f1xx_hal_pcd.o(i.HAL_PCD_EP_Receive)
    HAL_PCD_EP_Transmit                      0x0800394f   Thumb Code    76  stm32f1xx_hal_pcd.o(i.HAL_PCD_EP_Transmit)
    HAL_PCD_IRQHandler                       0x0800399b   Thumb Code   360  stm32f1xx_hal_pcd.o(i.HAL_PCD_IRQHandler)
    HAL_PCD_Init                             0x08003b03   Thumb Code   282  stm32f1xx_hal_pcd.o(i.HAL_PCD_Init)
    HAL_PCD_MspInit                          0x08003c1d   Thumb Code    74  stm32f1xx_hal_msp.o(i.HAL_PCD_MspInit)
    HAL_PCD_ResetCallback                    0x08003c71   Thumb Code     2  stm32f1xx_hal_pcd.o(i.HAL_PCD_ResetCallback)
    HAL_PCD_ResumeCallback                   0x08003c73   Thumb Code     2  stm32f1xx_hal_pcd.o(i.HAL_PCD_ResumeCallback)
    HAL_PCD_SOFCallback                      0x08003c75   Thumb Code     2  stm32f1xx_hal_pcd.o(i.HAL_PCD_SOFCallback)
    HAL_PCD_SetAddress                       0x08003c77   Thumb Code    54  stm32f1xx_hal_pcd.o(i.HAL_PCD_SetAddress)
    HAL_PCD_SetupStageCallback               0x08003cad   Thumb Code     2  stm32f1xx_hal_pcd.o(i.HAL_PCD_SetupStageCallback)
    HAL_PCD_SuspendCallback                  0x08003caf   Thumb Code     2  stm32f1xx_hal_pcd.o(i.HAL_PCD_SuspendCallback)
    HAL_RCCEx_PeriphCLKConfig                0x08003cb1   Thumb Code   290  stm32f1xx_hal_rcc_ex.o(i.HAL_RCCEx_PeriphCLKConfig)
    HAL_RCC_ClockConfig                      0x08003de1   Thumb Code   402  stm32f1xx_hal_rcc.o(i.HAL_RCC_ClockConfig)
    HAL_RCC_GetHCLKFreq                      0x08003f85   Thumb Code     6  stm32f1xx_hal_rcc.o(i.HAL_RCC_GetHCLKFreq)
    HAL_RCC_GetPCLK1Freq                     0x08003f91   Thumb Code    22  stm32f1xx_hal_rcc.o(i.HAL_RCC_GetPCLK1Freq)
    HAL_RCC_GetPCLK2Freq                     0x08003fb1   Thumb Code    22  stm32f1xx_hal_rcc.o(i.HAL_RCC_GetPCLK2Freq)
    HAL_RCC_GetSysClockFreq                  0x08003fd1   Thumb Code   116  stm32f1xx_hal_rcc.o(i.HAL_RCC_GetSysClockFreq)
    HAL_RCC_OscConfig                        0x08004065   Thumb Code  1078  stm32f1xx_hal_rcc.o(i.HAL_RCC_OscConfig)
    HAL_SPI_ErrorCallback                    0x080044a5   Thumb Code     2  stm32f1xx_hal_spi.o(i.HAL_SPI_ErrorCallback)
    HAL_SPI_IRQHandler                       0x080044a9   Thumb Code   276  stm32f1xx_hal_spi.o(i.HAL_SPI_IRQHandler)
    HAL_SPI_Init                             0x080045c1   Thumb Code   134  stm32f1xx_hal_spi_ex.o(i.HAL_SPI_Init)
    HAL_SPI_MspInit                          0x08004649   Thumb Code   104  stm32f1xx_hal_msp.o(i.HAL_SPI_MspInit)
    HAL_SPI_RxCpltCallback                   0x080046bd   Thumb Code     2  stm32f1xx_hal_spi.o(i.HAL_SPI_RxCpltCallback)
    HAL_SPI_TransmitReceive_IT               0x080046c1   Thumb Code   182  stm32f1xx_hal_spi.o(i.HAL_SPI_TransmitReceive_IT)
    HAL_SPI_Transmit_IT                      0x08004789   Thumb Code   176  stm32f1xx_hal_spi.o(i.HAL_SPI_Transmit_IT)
    HAL_SPI_TxCpltCallback                   0x08004841   Thumb Code    28  gd25q64cxigx.o(i.HAL_SPI_TxCpltCallback)
    HAL_SPI_TxRxCpltCallback                 0x08004869   Thumb Code    28  gd25q64cxigx.o(i.HAL_SPI_TxRxCpltCallback)
    HAL_SYSTICK_CLKSourceConfig              0x08004891   Thumb Code    40  stm32f1xx_hal_cortex.o(i.HAL_SYSTICK_CLKSourceConfig)
    HAL_SYSTICK_Callback                     0x080048b9   Thumb Code    30  main.o(i.HAL_SYSTICK_Callback)
    HAL_SYSTICK_Config                       0x080048dd   Thumb Code    52  stm32f1xx_hal_cortex.o(i.HAL_SYSTICK_Config)
    HAL_SYSTICK_IRQHandler                   0x08004911   Thumb Code     8  stm32f1xx_hal_cortex.o(i.HAL_SYSTICK_IRQHandler)
    HAL_TIMEx_BreakCallback                  0x08004919   Thumb Code     2  stm32f1xx_hal_tim_ex.o(i.HAL_TIMEx_BreakCallback)
    HAL_TIMEx_CommutationCallback            0x0800491b   Thumb Code     2  stm32f1xx_hal_tim_ex.o(i.HAL_TIMEx_CommutationCallback)
    HAL_TIMEx_MasterConfigSynchronization    0x0800491d   Thumb Code    98  stm32f1xx_hal_tim_ex.o(i.HAL_TIMEx_MasterConfigSynchronization)
    HAL_TIM_Base_Init                        0x0800497f   Thumb Code    52  stm32f1xx_hal_tim.o(i.HAL_TIM_Base_Init)
    HAL_TIM_Base_MspInit                     0x080049b5   Thumb Code   104  stm32f1xx_hal_msp.o(i.HAL_TIM_Base_MspInit)
    HAL_TIM_ConfigClockSource                0x08004a2d   Thumb Code   306  stm32f1xx_hal_tim.o(i.HAL_TIM_ConfigClockSource)
    HAL_TIM_IC_CaptureCallback               0x08004b61   Thumb Code   138  main.o(i.HAL_TIM_IC_CaptureCallback)
    HAL_TIM_IC_ConfigChannel                 0x08004c05   Thumb Code   224  stm32f1xx_hal_tim.o(i.HAL_TIM_IC_ConfigChannel)
    HAL_TIM_IC_Init                          0x08004ce5   Thumb Code    52  stm32f1xx_hal_tim.o(i.HAL_TIM_IC_Init)
    HAL_TIM_IC_MspInit                       0x08004d19   Thumb Code     2  stm32f1xx_hal_tim.o(i.HAL_TIM_IC_MspInit)
    HAL_TIM_IC_Start_IT                      0x08004d1b   Thumb Code   108  stm32f1xx_hal_tim.o(i.HAL_TIM_IC_Start_IT)
    HAL_TIM_IRQHandler                       0x08004d87   Thumb Code   406  stm32f1xx_hal_tim.o(i.HAL_TIM_IRQHandler)
    HAL_TIM_OC_DelayElapsedCallback          0x08004f1d   Thumb Code     2  stm32f1xx_hal_tim.o(i.HAL_TIM_OC_DelayElapsedCallback)
    HAL_TIM_PWM_PulseFinishedCallback        0x08004f1f   Thumb Code     2  stm32f1xx_hal_tim.o(i.HAL_TIM_PWM_PulseFinishedCallback)
    HAL_TIM_PeriodElapsedCallback            0x08004f21   Thumb Code     2  stm32f1xx_hal_tim.o(i.HAL_TIM_PeriodElapsedCallback)
    HAL_TIM_TriggerCallback                  0x08004f23   Thumb Code     2  stm32f1xx_hal_tim.o(i.HAL_TIM_TriggerCallback)
    HAL_UART_ErrorCallback                   0x08004f25   Thumb Code    48  uart.o(i.HAL_UART_ErrorCallback)
    HAL_UART_GetState                        0x08004f69   Thumb Code    20  stm32f1xx_hal_uart.o(i.HAL_UART_GetState)
    HAL_UART_IRQHandler                      0x08004f7d   Thumb Code   326  stm32f1xx_hal_uart.o(i.HAL_UART_IRQHandler)
    HAL_UART_Init                            0x080050c9   Thumb Code   114  stm32f1xx_hal_uart.o(i.HAL_UART_Init)
    HAL_UART_MspInit                         0x0800513d   Thumb Code   290  stm32f1xx_hal_msp.o(i.HAL_UART_MspInit)
    HAL_UART_Receive_IT                      0x0800527d   Thumb Code   112  stm32f1xx_hal_uart.o(i.HAL_UART_Receive_IT)
    HAL_UART_RxCpltCallback                  0x080052ed   Thumb Code    82  uart.o(i.HAL_UART_RxCpltCallback)
    HAL_UART_Transmit_IT                     0x08005359   Thumb Code    88  stm32f1xx_hal_uart.o(i.HAL_UART_Transmit_IT)
    HAL_UART_TxCpltCallback                  0x080053b1   Thumb Code    10  uart.o(i.HAL_UART_TxCpltCallback)
    HardFault_Handler                        0x080053c1   Thumb Code     4  stm32f1xx_it.o(i.HardFault_Handler)
    MemManage_Handler                        0x080057a9   Thumb Code     4  stm32f1xx_it.o(i.MemManage_Handler)
    NMI_Handler                              0x080057ad   Thumb Code     2  stm32f1xx_it.o(i.NMI_Handler)
    POWER_Off                                0x08005c2d   Thumb Code    18  power.o(i.POWER_Off)
    POWER_OffCallback                        0x08005c45   Thumb Code    26  main.o(i.POWER_OffCallback)
    POWER_On                                 0x08005c65   Thumb Code   188  power.o(i.POWER_On)
    PendSV_Handler                           0x08005d2d   Thumb Code     2  stm32f1xx_it.o(i.PendSV_Handler)
    SPI2_IRQHandler                          0x08005dd1   Thumb Code    10  stm32f1xx_it.o(i.SPI2_IRQHandler)
    SPI_FLASH_EraseSector                    0x08006045   Thumb Code    28  gd25q64cxigx.o(i.SPI_FLASH_EraseSector)
    SPI_FLASH_ReadData                       0x08006061   Thumb Code    36  gd25q64cxigx.o(i.SPI_FLASH_ReadData)
    SPI_FLASH_WriteData                      0x08006085   Thumb Code    36  gd25q64cxigx.o(i.SPI_FLASH_WriteData)
    SPI_Flash_Init                           0x080060a9   Thumb Code   120  gd25q64cxigx.o(i.SPI_Flash_Init)
    SPI_Transfer                             0x08006129   Thumb Code    96  gd25q64cxigx.o(i.SPI_Transfer)
    SVC_Handler                              0x08006311   Thumb Code     2  stm32f1xx_it.o(i.SVC_Handler)
    SysTick_Handler                          0x08006313   Thumb Code    12  stm32f1xx_it.o(i.SysTick_Handler)
    SystemClock_Config                       0x08006321   Thumb Code   156  main.o(i.SystemClock_Config)
    SystemInit                               0x080063cd   Thumb Code    70  system_stm32f1xx.o(i.SystemInit)
    TIM3_IRQHandler                          0x08006425   Thumb Code    10  stm32f1xx_it.o(i.TIM3_IRQHandler)
    TIM_Base_SetConfig                       0x08006435   Thumb Code   132  stm32f1xx_hal_tim.o(i.TIM_Base_SetConfig)
    TIM_CCxChannelCmd                        0x080064cd   Thumb Code    28  stm32f1xx_hal_tim.o(i.TIM_CCxChannelCmd)
    TIM_TI1_SetConfig                        0x08006541   Thumb Code   106  stm32f1xx_hal_tim.o(i.TIM_TI1_SetConfig)
    UART4_IRQHandler                         0x080066a9   Thumb Code    10  stm32f1xx_it.o(i.UART4_IRQHandler)
    USART1_IRQHandler                        0x080069e5   Thumb Code    10  stm32f1xx_it.o(i.USART1_IRQHandler)
    USART3_IRQHandler                        0x080069f5   Thumb Code    10  stm32f1xx_it.o(i.USART3_IRQHandler)
    USB_CoreInit                             0x08006a05   Thumb Code     8  stm32f1xx_ll_usb.o(i.USB_CoreInit)
    USB_DevDisconnect                        0x08006a0d   Thumb Code     6  stm32f1xx_ll_usb.o(i.USB_DevDisconnect)
    USB_DevInit                              0x08006a13   Thumb Code    30  stm32f1xx_ll_usb.o(i.USB_DevInit)
    USB_DisableGlobalInt                     0x08006a31   Thumb Code    22  stm32f1xx_ll_usb.o(i.USB_DisableGlobalInt)
    USB_EPStartXfer                          0x08006a47   Thumb Code   818  stm32f1xx_ll_usb.o(i.USB_EPStartXfer)
    USB_EnableGlobalInt                      0x08006d79   Thumb Code    22  stm32f1xx_ll_usb.o(i.USB_EnableGlobalInt)
    USB_HP_CAN1_TX_IRQHandler                0x08006d91   Thumb Code    10  stm32f1xx_it.o(i.USB_HP_CAN1_TX_IRQHandler)
    USB_LP_CAN1_RX0_IRQHandler               0x08006da1   Thumb Code    10  stm32f1xx_it.o(i.USB_LP_CAN1_RX0_IRQHandler)
    USB_ReadInterrupts                       0x08006db1   Thumb Code    10  stm32f1xx_ll_usb.o(i.USB_ReadInterrupts)
    USB_ReadPMA                              0x08006dbb   Thumb Code    40  stm32f1xx_ll_usb.o(i.USB_ReadPMA)
    USB_SetCurrentMode                       0x08006de3   Thumb Code     6  stm32f1xx_ll_usb.o(i.USB_SetCurrentMode)
    USB_SetDevAddress                        0x08006de9   Thumb Code    14  stm32f1xx_ll_usb.o(i.USB_SetDevAddress)
    USB_WritePMA                             0x08006df7   Thumb Code    66  stm32f1xx_ll_usb.o(i.USB_WritePMA)
    UsageFault_Handler                       0x08006e39   Thumb Code     4  stm32f1xx_it.o(i.UsageFault_Handler)
    _Error_Handler                           0x08006ef5   Thumb Code     4  main.o(i._Error_Handler)
    __0sprintf                               0x08006ef9   Thumb Code    34  printfa.o(i.__0sprintf)
    __1sprintf                               0x08006ef9   Thumb Code     0  printfa.o(i.__0sprintf)
    __2sprintf                               0x08006ef9   Thumb Code     0  printfa.o(i.__0sprintf)
    __c89sprintf                             0x08006ef9   Thumb Code     0  printfa.o(i.__0sprintf)
    sprintf                                  0x08006ef9   Thumb Code     0  printfa.o(i.__0sprintf)
    __scatterload_copy                       0x08006f21   Thumb Code    14  handlers.o(i.__scatterload_copy)
    __scatterload_null                       0x08006f2f   Thumb Code     2  handlers.o(i.__scatterload_null)
    __scatterload_zeroinit                   0x08006f31   Thumb Code    14  handlers.o(i.__scatterload_zeroinit)
    _is_digit                                0x080070a5   Thumb Code    14  scanf_fp.o(i._is_digit)
    delay_ms                                 0x080077ed   Thumb Code    24  delay.o(i.delay_ms)
    get_LatLon                               0x08007805   Thumb Code    90  gps.o(i.get_LatLon)
    get_LineFromGPSMsg                       0x08007869   Thumb Code   106  uart.o(i.get_LineFromGPSMsg)
    get_OneMessage                           0x080078e1   Thumb Code    12  gps.o(i.get_OneMessage)
    get_gpsLevel                             0x080078ed   Thumb Code    28  gps.o(i.get_gpsLevel)
    get_mytime                               0x08007911   Thumb Code    24  application.o(i.get_mytime)
    get_str                                  0x0800792d   Thumb Code    42  gps.o(i.get_str)
    get_timeDate                             0x08007959   Thumb Code    74  application.o(i.get_timeDate)
    global_updatetime                        0x080079c9   Thumb Code   348  application.o(i.global_updatetime)
    main                                     0x08007b39   Thumb Code   172  main.o(i.main)
    set_UpdateFlag                           0x08008161   Thumb Code    46  main.o(i.set_UpdateFlag)
    soft_delay_ms                            0x080081a1   Thumb Code    36  main.o(i.soft_delay_ms)
    stm32_hw_oled_init                       0x080082f9   Thumb Code    20  drv_oled.o(i.stm32_hw_oled_init)
    time_increase                            0x08008319   Thumb Code   194  application.o(i.time_increase)
    uart_print                               0x080083e5   Thumb Code    44  stdio_redirect.o(i.uart_print)
    uart_printStatus                         0x08008415   Thumb Code    24  stdio_redirect.o(i.uart_printStatus)
    uart_rx_init                             0x08008431   Thumb Code    32  uart.o(i.uart_rx_init)
    uart_rx_processing                       0x08008465   Thumb Code    66  uart.o(i.uart_rx_processing)
    uart_send                                0x080084b9   Thumb Code    38  stdio_redirect.o(i.uart_send)
    waitDelay                                0x080084e5   Thumb Code    16  gd25q64cxigx.o(i.waitDelay)
    AHBPrescTable                            0x08008668   Data          16  system_stm32f1xx.o(.constdata)
    APBPrescTable                            0x08008678   Data           8  system_stm32f1xx.o(.constdata)
    gps_Signal                               0x08008680   Data         120  main.o(.constdata)
    led_Digital                              0x080086f8   Data          50  main.o(.constdata)
    F6x8                                     0x0800872a   Data         552  gui.o(.constdata)
    F8X16                                    0x08008952   Data        1520  gui.o(.constdata)
    Courier_16x12_fonts                      0x08008f42   Data        1536  gui.o(.constdata)
    Courier_16x16_fonts                      0x08009542   Data        1536  gui.o(.constdata)
    HoloLens_MDI2_16x8_fonts                 0x08009b42   Data         768  gui.o(.constdata)
    MS_Gothic_12x12_fonts                    0x08009e42   Data        1152  gui.o(.constdata)
    MS_Gothic_12x12__fonts                   0x0800a2c2   Data        1152  gui.o(.constdata)
    MS_Serif_12x12_fonts                     0x0800a742   Data        1152  gui.o(.constdata)
    Segoe_UI_Histore_12x12_fonts             0x0800abc2   Data        1152  gui.o(.constdata)
    Segoe_UI_Symbol_12x12_fonts              0x0800b042   Data        1152  gui.o(.constdata)
    Small_Fonts_12x12_fonts                  0x0800b4c2   Data        1152  gui.o(.constdata)
    SongFonts_12x12_fonts                    0x0800b942   Data        1152  gui.o(.constdata)
    SongFonts_16x16_fonts                    0x0800bdc2   Data        1536  gui.o(.constdata)
    Terminal_12x8__fonts                     0x0800c3c2   Data         576  gui.o(.constdata)
    Terminal_12x12__fonts                    0x0800c602   Data        1152  gui.o(.constdata)
    SongFonts_CH_16x16_Index_Map             0x0800ca82   Data          12  gui.o(.constdata)
    SontFonst_CH_16x16                       0x0800ca8e   Data         160  gui.o(.constdata)
    __ctype_categories                       0x0800cb70   Data          64  ctype_c.o(.constdata)
    Region$$Table$$Base                      0x0800cc24   Number         0  anon$$obj.o(Region$$Table)
    Region$$Table$$Limit                     0x0800cc44   Number         0  anon$$obj.o(Region$$Table)
    SystemCoreClock                          0x20000000   Data           4  system_stm32f1xx.o(.data)
    uwTick                                   0x20000004   Data           4  stm32f1xx_hal.o(.data)
    uwTickPrio                               0x20000008   Data           4  stm32f1xx_hal.o(.data)
    uwTickFreq                               0x2000000c   Data           1  stm32f1xx_hal.o(.data)
    hcrc                                     0x20000010   Data           8  main.o(.data)
    Hzk                                      0x20000068   Data         448  gui.o(.data)
    fontsMap                                 0x20000228   Data         112  gui.o(.data)
    oled_update                              0x200002a0   Data          24  drv_oled.o(.data)
    mytime                                   0x20000300   Data           7  application.o(.data)
    hiwdg                                    0x2000030c   Data          12  main.o(.bss)
    hspi2                                    0x20000318   Data          88  main.o(.bss)
    htim3                                    0x20000370   Data          64  main.o(.bss)
    huart4                                   0x200003b0   Data          64  main.o(.bss)
    huart1                                   0x200003f0   Data          64  main.o(.bss)
    huart3                                   0x20000430   Data          64  main.o(.bss)
    hpcd_USB_FS                              0x20000470   Data        1120  main.o(.bss)
    pwmRecord                                0x200008d0   Data          24  main.o(.bss)
    __initial_sp                             0x20001d08   Data           0  startup_stm32f103xe.o(STACK)



==============================================================================

Memory Map of the image

  Image Entry point : 0x08000131

  Load Region LR_IROM1 (Base: 0x08000000, Size: 0x0000cf50, Max: 0x00080000, ABSOLUTE, COMPRESSED[0x0000cd94])

    Execution Region ER_IROM1 (Base: 0x08000000, Size: 0x0000cc44, Max: 0x00080000, ABSOLUTE)

    Base Addr    Size         Type   Attr      Idx    E Section Name        Object

    0x08000000   0x00000130   Data   RO          138    RESET               startup_stm32f103xe.o
    0x08000130   0x00000000   Code   RO         4399  * .ARM.Collect$$$$00000000  mc_w.l(entry.o)
    0x08000130   0x00000004   Code   RO         4679    .ARM.Collect$$$$00000001  mc_w.l(entry2.o)
    0x08000134   0x00000004   Code   RO         4682    .ARM.Collect$$$$00000004  mc_w.l(entry5.o)
    0x08000138   0x00000000   Code   RO         4684    .ARM.Collect$$$$00000008  mc_w.l(entry7b.o)
    0x08000138   0x00000000   Code   RO         4686    .ARM.Collect$$$$0000000A  mc_w.l(entry8b.o)
    0x08000138   0x00000008   Code   RO         4687    .ARM.Collect$$$$0000000B  mc_w.l(entry9a.o)
    0x08000140   0x00000000   Code   RO         4689    .ARM.Collect$$$$0000000D  mc_w.l(entry10a.o)
    0x08000140   0x00000000   Code   RO         4691    .ARM.Collect$$$$0000000F  mc_w.l(entry11a.o)
    0x08000140   0x00000004   Code   RO         4680    .ARM.Collect$$$$00002712  mc_w.l(entry2.o)
    0x08000144   0x00000024   Code   RO          139    .text               startup_stm32f103xe.o
    0x08000168   0x00000020   Code   RO         4402    .text               mc_w.l(llushr.o)
    0x08000188   0x00000024   Code   RO         4404    .text               mc_w.l(memcpya.o)
    0x080001ac   0x00000024   Code   RO         4406    .text               mc_w.l(memseta.o)
    0x080001d0   0x0000000e   Code   RO         4408    .text               mc_w.l(strlen.o)
    0x080001de   0x00000012   Code   RO         4410    .text               mc_w.l(strcpy.o)
    0x080001f0   0x0000001e   Code   RO         4412    .text               mc_w.l(strncmp.o)
    0x0800020e   0x00000002   PAD
    0x08000210   0x00000038   Code   RO         4677    .text               mc_w.l(sscanf.o)
    0x08000248   0x0000002c   Code   RO         4696    .text               mc_w.l(uidiv.o)
    0x08000274   0x00000062   Code   RO         4698    .text               mc_w.l(uldiv.o)
    0x080002d6   0x00000156   Code   RO         4700    .text               mc_w.l(_scanf_longlong.o)
    0x0800042c   0x0000014c   Code   RO         4702    .text               mc_w.l(_scanf_int.o)
    0x08000578   0x000000e0   Code   RO         4704    .text               mc_w.l(_scanf_str.o)
    0x08000658   0x00000338   Code   RO         4706    .text               mc_w.l(scanf_fp.o)
    0x08000990   0x00000028   Code   RO         4710    .text               mc_w.l(scanf_char.o)
    0x080009b8   0x00000040   Code   RO         4712    .text               mc_w.l(_sgetc.o)
    0x080009f8   0x00000000   Code   RO         4714    .text               mc_w.l(iusefp.o)
    0x080009f8   0x0000014e   Code   RO         4715    .text               mf_w.l(dadd.o)
    0x08000b46   0x000000e4   Code   RO         4717    .text               mf_w.l(dmul.o)
    0x08000c2a   0x000000de   Code   RO         4719    .text               mf_w.l(ddiv.o)
    0x08000d08   0x00000030   Code   RO         4721    .text               mf_w.l(dfixul.o)
    0x08000d38   0x00000030   Code   RO         4723    .text               mf_w.l(cdrcmple.o)
    0x08000d68   0x00000024   Code   RO         4725    .text               mc_w.l(init.o)
    0x08000d8c   0x0000001e   Code   RO         4728    .text               mc_w.l(llshl.o)
    0x08000daa   0x00000024   Code   RO         4730    .text               mc_w.l(llsshr.o)
    0x08000dce   0x0000000a   Code   RO         4732    .text               mc_w.l(isspace_c.o)
    0x08000dd8   0x0000001c   Code   RO         4734    .text               mc_w.l(_chval.o)
    0x08000df4   0x0000032c   Code   RO         4736    .text               mc_w.l(_scanf.o)
    0x08001120   0x000000ba   Code   RO         4739    .text               mf_w.l(depilogue.o)
    0x080011da   0x00000018   Code   RO         4741    .text               mf_w.l(dfltul.o)
    0x080011f2   0x00000038   Code   RO         4743    .text               mf_w.l(d2f.o)
    0x0800122a   0x00000002   PAD
    0x0800122c   0x00000028   Code   RO         4745    .text               mc_w.l(ctype_c.o)
    0x08001254   0x0000006e   Code   RO         4748    .text               mf_w.l(fepilogue.o)
    0x080012c2   0x00000056   Code   RO         4758    .text               mc_w.l(__dczerorl2.o)
    0x08001318   0x00000004   Code   RO         3184    i.BusFault_Handler  stm32f1xx_it.o
    0x0800131c   0x00000030   Code   RO         4052    i.CMD_SendRXError   uart.o
    0x0800134c   0x00000010   Code   RO         4053    i.CMD_clearFlag     uart.o
    0x0800135c   0x00000084   Code   RO         4054    i.CMD_getDirect     uart.o
    0x080013e0   0x0000000c   Code   RO         4055    i.CMD_getFlag       uart.o
    0x080013ec   0x00000018   Code   RO         4056    i.CMD_receive       uart.o
    0x08001404   0x00000002   Code   RO         3185    i.DebugMon_Handler  stm32f1xx_it.o
    0x08001406   0x00000002   PAD
    0x08001408   0x00000038   Code   RO         3404    i.DisplayInitialize  main.o
    0x08001440   0x00000148   Code   RO         3405    i.DisplayPWMCounter  main.o
    0x08001588   0x00000038   Code   RO         3406    i.DisplayShowTime   main.o
    0x080015c0   0x00000036   Code   RO         3407    i.DisplayTable      main.o
    0x080015f6   0x00000002   PAD
    0x080015f8   0x00000170   Code   RO         3408    i.DisplayUpdate     main.o
    0x08001768   0x00000030   Code   RO         3409    i.Display_gpsLevel  main.o
    0x08001798   0x0000004c   Code   RO         3410    i.Display_stars     main.o
    0x080017e4   0x0000000a   Code   RO         3186    i.EXTI2_IRQHandler  stm32f1xx_it.o
    0x080017ee   0x0000000a   Code   RO         3187    i.EXTI4_IRQHandler  stm32f1xx_it.o
    0x080017f8   0x0000001a   Code   RO         3188    i.EXTI9_5_IRQHandler  stm32f1xx_it.o
    0x08001812   0x00000002   PAD
    0x08001814   0x00000074   Code   RO         3897    i.EraseSector       gd25q64cxigx.o
    0x08001888   0x000000d0   Code   RO         4240    i.FILE_Init         record.o
    0x08001958   0x00000058   Code   RO         4241    i.FILE_clearRecord  record.o
    0x080019b0   0x00000010   Code   RO         4242    i.FILE_close        record.o
    0x080019c0   0x0000008c   Code   RO         4245    i.FILE_findFront    record.o
    0x08001a4c   0x000000d0   Code   RO         4246    i.FILE_findLast     record.o
    0x08001b1c   0x00000328   Code   RO         4247    i.FILE_readInit     record.o
    0x08001e44   0x000001ac   Code   RO         4248    i.FILE_readPage     record.o
    0x08001ff0   0x0000005c   Code   RO         4249    i.FILE_saveAddress  record.o
    0x0800204c   0x000000b4   Code   RO         4250    i.FILE_updateFirstAddress  record.o
    0x08002100   0x00000158   Code   RO         4251    i.FILE_writeFlash   record.o
    0x08002258   0x00000046   Code   RO         4252    i.FILE_writeGPSCache  record.o
    0x0800229e   0x00000002   PAD
    0x080022a0   0x00000040   Code   RO         4253    i.FILE_writeInit    record.o
    0x080022e0   0x0000009c   Code   RO         4254    i.FILE_writeTime    record.o
    0x0800237c   0x00000008   Code   RO         4192    i.Flash_Initialize  flash.o
    0x08002384   0x0000000c   Code   RO         4194    i.Flash_eraseSector  flash.o
    0x08002390   0x00000018   Code   RO         4195    i.Flash_readData    flash.o
    0x080023a8   0x00000018   Code   RO         4196    i.Flash_writeData   flash.o
    0x080023c0   0x00000348   Code   RO         3411    i.GPS_CoorOutput    main.o
    0x08002708   0x00000224   Code   RO         3412    i.GPS_CoorRecord    main.o
    0x0800292c   0x000004a4   Code   RO         4140    i.GPS_MessgeDecode  gps.o
    0x08002dd0   0x0000003c   Code   RO         3607    i.GUI_DrawBMP       gui.o
    0x08002e0c   0x00000030   Code   RO         3608    i.GUI_DrawHLine     gui.o
    0x08002e3c   0x00000030   Code   RO         3609    i.GUI_DrawVLine     gui.o
    0x08002e6c   0x00000010   Code   RO         3610    i.GUI_Init          gui.o
    0x08002e7c   0x00000014   Code   RO         3611    i.GUI_Off           gui.o
    0x08002e90   0x0000007c   Code   RO         3612    i.GUI_ShowChar      gui.o
    0x08002f0c   0x00000064   Code   RO         3613    i.GUI_ShowChinese   gui.o
    0x08002f70   0x00000068   Code   RO         3614    i.GUI_ShowString    gui.o
    0x08002fd8   0x00000040   Code   RO         3616    i.GUI_clearWindow   gui.o
    0x08003018   0x0000000c   Code   RO         3617    i.GUI_setFonts      gui.o
    0x08003024   0x00000020   Code   RO         2849    i.HAL_CRC_Init      stm32f1xx_hal_crc.o
    0x08003044   0x00000030   Code   RO         3321    i.HAL_CRC_MspInit   stm32f1xx_hal_msp.o
    0x08003074   0x000001a8   Code   RO          148    i.HAL_DMA_Abort_IT  stm32f1xx_hal_dma.o
    0x0800321c   0x00000028   Code   RO         2571    i.HAL_Delay         stm32f1xx_hal.o
    0x08003244   0x00000160   Code   RO         3413    i.HAL_GPIO_EXTI_Callback  main.o
    0x080033a4   0x0000001c   Code   RO          841    i.HAL_GPIO_EXTI_IRQHandler  stm32f1xx_hal_gpio.o
    0x080033c0   0x00000340   Code   RO          842    i.HAL_GPIO_Init     stm32f1xx_hal_gpio.o
    0x08003700   0x00000010   Code   RO          844    i.HAL_GPIO_ReadPin  stm32f1xx_hal_gpio.o
    0x08003710   0x0000000c   Code   RO          846    i.HAL_GPIO_WritePin  stm32f1xx_hal_gpio.o
    0x0800371c   0x0000000c   Code   RO         2575    i.HAL_GetTick       stm32f1xx_hal.o
    0x08003728   0x00000018   Code   RO         2579    i.HAL_IncTick       stm32f1xx_hal.o
    0x08003740   0x00000028   Code   RO         2580    i.HAL_Init          stm32f1xx_hal.o
    0x08003768   0x0000004c   Code   RO         2581    i.HAL_InitTick      stm32f1xx_hal.o
    0x080037b4   0x0000008c   Code   RO         3322    i.HAL_MspInit       stm32f1xx_hal_msp.o
    0x08003840   0x0000001a   Code   RO         2725    i.HAL_NVIC_EnableIRQ  stm32f1xx_hal_cortex.o
    0x0800385a   0x0000007c   Code   RO         2731    i.HAL_NVIC_SetPriority  stm32f1xx_hal_cortex.o
    0x080038d6   0x00000002   PAD
    0x080038d8   0x00000028   Code   RO         2732    i.HAL_NVIC_SetPriorityGrouping  stm32f1xx_hal_cortex.o
    0x08003900   0x00000002   Code   RO         1355    i.HAL_PCD_DataInStageCallback  stm32f1xx_hal_pcd.o
    0x08003902   0x00000002   Code   RO         1356    i.HAL_PCD_DataOutStageCallback  stm32f1xx_hal_pcd.o
    0x08003904   0x0000004a   Code   RO         1367    i.HAL_PCD_EP_Receive  stm32f1xx_hal_pcd.o
    0x0800394e   0x0000004c   Code   RO         1369    i.HAL_PCD_EP_Transmit  stm32f1xx_hal_pcd.o
    0x0800399a   0x00000168   Code   RO         1371    i.HAL_PCD_IRQHandler  stm32f1xx_hal_pcd.o
    0x08003b02   0x0000011a   Code   RO         1374    i.HAL_PCD_Init      stm32f1xx_hal_pcd.o
    0x08003c1c   0x00000054   Code   RO         3324    i.HAL_PCD_MspInit   stm32f1xx_hal_msp.o
    0x08003c70   0x00000002   Code   RO         1377    i.HAL_PCD_ResetCallback  stm32f1xx_hal_pcd.o
    0x08003c72   0x00000002   Code   RO         1378    i.HAL_PCD_ResumeCallback  stm32f1xx_hal_pcd.o
    0x08003c74   0x00000002   Code   RO         1379    i.HAL_PCD_SOFCallback  stm32f1xx_hal_pcd.o
    0x08003c76   0x00000036   Code   RO         1380    i.HAL_PCD_SetAddress  stm32f1xx_hal_pcd.o
    0x08003cac   0x00000002   Code   RO         1381    i.HAL_PCD_SetupStageCallback  stm32f1xx_hal_pcd.o
    0x08003cae   0x00000002   Code   RO         1384    i.HAL_PCD_SuspendCallback  stm32f1xx_hal_pcd.o
    0x08003cb0   0x00000130   Code   RO          805    i.HAL_RCCEx_PeriphCLKConfig  stm32f1xx_hal_rcc_ex.o
    0x08003de0   0x000001a4   Code   RO         2906    i.HAL_RCC_ClockConfig  stm32f1xx_hal_rcc.o
    0x08003f84   0x0000000c   Code   RO         2911    i.HAL_RCC_GetHCLKFreq  stm32f1xx_hal_rcc.o
    0x08003f90   0x00000020   Code   RO         2913    i.HAL_RCC_GetPCLK1Freq  stm32f1xx_hal_rcc.o
    0x08003fb0   0x00000020   Code   RO         2914    i.HAL_RCC_GetPCLK2Freq  stm32f1xx_hal_rcc.o
    0x08003fd0   0x00000094   Code   RO         2915    i.HAL_RCC_GetSysClockFreq  stm32f1xx_hal_rcc.o
    0x08004064   0x00000440   Code   RO         2918    i.HAL_RCC_OscConfig  stm32f1xx_hal_rcc.o
    0x080044a4   0x00000002   Code   RO          912    i.HAL_SPI_ErrorCallback  stm32f1xx_hal_spi.o
    0x080044a6   0x00000002   PAD
    0x080044a8   0x00000118   Code   RO          915    i.HAL_SPI_IRQHandler  stm32f1xx_hal_spi.o
    0x080045c0   0x00000086   Code   RO         2209    i.HAL_SPI_Init      stm32f1xx_hal_spi_ex.o
    0x08004646   0x00000002   PAD
    0x08004648   0x00000074   Code   RO         3326    i.HAL_SPI_MspInit   stm32f1xx_hal_msp.o
    0x080046bc   0x00000002   Code   RO          922    i.HAL_SPI_RxCpltCallback  stm32f1xx_hal_spi.o
    0x080046be   0x00000002   PAD
    0x080046c0   0x000000c8   Code   RO          927    i.HAL_SPI_TransmitReceive_IT  stm32f1xx_hal_spi.o
    0x08004788   0x000000b8   Code   RO          929    i.HAL_SPI_Transmit_IT  stm32f1xx_hal_spi.o
    0x08004840   0x00000028   Code   RO         3898    i.HAL_SPI_TxCpltCallback  gd25q64cxigx.o
    0x08004868   0x00000028   Code   RO         3899    i.HAL_SPI_TxRxCpltCallback  gd25q64cxigx.o
    0x08004890   0x00000028   Code   RO         2734    i.HAL_SYSTICK_CLKSourceConfig  stm32f1xx_hal_cortex.o
    0x080048b8   0x00000024   Code   RO         3414    i.HAL_SYSTICK_Callback  main.o
    0x080048dc   0x00000034   Code   RO         2736    i.HAL_SYSTICK_Config  stm32f1xx_hal_cortex.o
    0x08004910   0x00000008   Code   RO         2737    i.HAL_SYSTICK_IRQHandler  stm32f1xx_hal_cortex.o
    0x08004918   0x00000002   Code   RO          245    i.HAL_TIMEx_BreakCallback  stm32f1xx_hal_tim_ex.o
    0x0800491a   0x00000002   Code   RO          246    i.HAL_TIMEx_CommutationCallback  stm32f1xx_hal_tim_ex.o
    0x0800491c   0x00000062   Code   RO          262    i.HAL_TIMEx_MasterConfigSynchronization  stm32f1xx_hal_tim_ex.o
    0x0800497e   0x00000034   Code   RO         1570    i.HAL_TIM_Base_Init  stm32f1xx_hal_tim.o
    0x080049b2   0x00000002   PAD
    0x080049b4   0x00000078   Code   RO         3328    i.HAL_TIM_Base_MspInit  stm32f1xx_hal_msp.o
    0x08004a2c   0x00000132   Code   RO         1579    i.HAL_TIM_ConfigClockSource  stm32f1xx_hal_tim.o
    0x08004b5e   0x00000002   PAD
    0x08004b60   0x000000a4   Code   RO         3415    i.HAL_TIM_IC_CaptureCallback  main.o
    0x08004c04   0x000000e0   Code   RO         1600    i.HAL_TIM_IC_ConfigChannel  stm32f1xx_hal_tim.o
    0x08004ce4   0x00000034   Code   RO         1603    i.HAL_TIM_IC_Init   stm32f1xx_hal_tim.o
    0x08004d18   0x00000002   Code   RO         1605    i.HAL_TIM_IC_MspInit  stm32f1xx_hal_tim.o
    0x08004d1a   0x0000006c   Code   RO         1608    i.HAL_TIM_IC_Start_IT  stm32f1xx_hal_tim.o
    0x08004d86   0x00000196   Code   RO         1612    i.HAL_TIM_IRQHandler  stm32f1xx_hal_tim.o
    0x08004f1c   0x00000002   Code   RO         1615    i.HAL_TIM_OC_DelayElapsedCallback  stm32f1xx_hal_tim.o
    0x08004f1e   0x00000002   Code   RO         1642    i.HAL_TIM_PWM_PulseFinishedCallback  stm32f1xx_hal_tim.o
    0x08004f20   0x00000002   Code   RO         1649    i.HAL_TIM_PeriodElapsedCallback  stm32f1xx_hal_tim.o
    0x08004f22   0x00000002   Code   RO         1653    i.HAL_TIM_TriggerCallback  stm32f1xx_hal_tim.o
    0x08004f24   0x00000044   Code   RO         4057    i.HAL_UART_ErrorCallback  uart.o
    0x08004f68   0x00000014   Code   RO         2256    i.HAL_UART_GetState  stm32f1xx_hal_uart.o
    0x08004f7c   0x0000014c   Code   RO         2257    i.HAL_UART_IRQHandler  stm32f1xx_hal_uart.o
    0x080050c8   0x00000072   Code   RO         2258    i.HAL_UART_Init     stm32f1xx_hal_uart.o
    0x0800513a   0x00000002   PAD
    0x0800513c   0x00000140   Code   RO         3330    i.HAL_UART_MspInit  stm32f1xx_hal_msp.o
    0x0800527c   0x00000070   Code   RO         2263    i.HAL_UART_Receive_IT  stm32f1xx_hal_uart.o
    0x080052ec   0x0000006c   Code   RO         4058    i.HAL_UART_RxCpltCallback  uart.o
    0x08005358   0x00000058   Code   RO         2268    i.HAL_UART_Transmit_IT  stm32f1xx_hal_uart.o
    0x080053b0   0x00000010   Code   RO         4059    i.HAL_UART_TxCpltCallback  uart.o
    0x080053c0   0x00000004   Code   RO         3189    i.HardFault_Handler  stm32f1xx_it.o
    0x080053c4   0x00000034   Code   RO         3416    i.MX_CRC_Init       main.o
    0x080053f8   0x0000015c   Code   RO         3417    i.MX_GPIO_Init      main.o
    0x08005554   0x00000058   Code   RO         3419    i.MX_SPI2_Init      main.o
    0x080055ac   0x000000d0   Code   RO         3420    i.MX_TIM3_Init      main.o
    0x0800567c   0x0000004c   Code   RO         3421    i.MX_UART4_Init     main.o
    0x080056c8   0x0000004c   Code   RO         3422    i.MX_USART1_UART_Init  main.o
    0x08005714   0x0000004c   Code   RO         3423    i.MX_USART3_UART_Init  main.o
    0x08005760   0x00000048   Code   RO         3424    i.MX_USB_PCD_Init   main.o
    0x080057a8   0x00000004   Code   RO         3190    i.MemManage_Handler  stm32f1xx_it.o
    0x080057ac   0x00000002   Code   RO         3191    i.NMI_Handler       stm32f1xx_it.o
    0x080057ae   0x00000002   PAD
    0x080057b0   0x00000010   Code   RO         2738    i.NVIC_GetPriorityGrouping  stm32f1xx_hal_cortex.o
    0x080057c0   0x00000028   Code   RO         2739    i.NVIC_SetPriority  stm32f1xx_hal_cortex.o
    0x080057e8   0x00000444   Code   RO         1385    i.PCD_EP_ISR_Handler  stm32f1xx_hal_pcd.o
    0x08005c2c   0x00000018   Code   RO         3857    i.POWER_Off         power.o
    0x08005c44   0x00000020   Code   RO         3425    i.POWER_OffCallback  main.o
    0x08005c64   0x000000c8   Code   RO         3859    i.POWER_On          power.o
    0x08005d2c   0x00000002   Code   RO         3192    i.PendSV_Handler    stm32f1xx_it.o
    0x08005d2e   0x00000002   PAD
    0x08005d30   0x00000028   Code   RO         2919    i.RCC_Delay         stm32f1xx_hal_rcc.o
    0x08005d58   0x00000078   Code   RO         3900    i.ReadData          gd25q64cxigx.o
    0x08005dd0   0x00000010   Code   RO         3193    i.SPI2_IRQHandler   stm32f1xx_it.o
    0x08005de0   0x00000034   Code   RO          934    i.SPI_2linesRxISR_16BIT  stm32f1xx_hal_spi.o
    0x08005e14   0x00000032   Code   RO          935    i.SPI_2linesRxISR_8BIT  stm32f1xx_hal_spi.o
    0x08005e46   0x00000034   Code   RO          936    i.SPI_2linesTxISR_16BIT  stm32f1xx_hal_spi.o
    0x08005e7a   0x00000032   Code   RO          937    i.SPI_2linesTxISR_8BIT  stm32f1xx_hal_spi.o
    0x08005eac   0x00000028   Code   RO          940    i.SPI_CheckFlag_BSY  stm32f1xx_hal_spi.o
    0x08005ed4   0x000000bc   Code   RO          941    i.SPI_CloseRxTx_ISR  stm32f1xx_hal_spi.o
    0x08005f90   0x000000a0   Code   RO          943    i.SPI_CloseTx_ISR   stm32f1xx_hal_spi.o
    0x08006030   0x00000014   Code   RO          944    i.SPI_DMAAbortOnError  stm32f1xx_hal_spi.o
    0x08006044   0x0000001c   Code   RO         3901    i.SPI_FLASH_EraseSector  gd25q64cxigx.o
    0x08006060   0x00000024   Code   RO         3902    i.SPI_FLASH_ReadData  gd25q64cxigx.o
    0x08006084   0x00000024   Code   RO         3903    i.SPI_FLASH_WriteData  gd25q64cxigx.o
    0x080060a8   0x00000080   Code   RO         3904    i.SPI_Flash_Init    gd25q64cxigx.o
    0x08006128   0x0000006c   Code   RO         3905    i.SPI_Transfer      gd25q64cxigx.o
    0x08006194   0x00000024   Code   RO          957    i.SPI_TxISR_16BIT   stm32f1xx_hal_spi.o
    0x080061b8   0x00000022   Code   RO          958    i.SPI_TxISR_8BIT    stm32f1xx_hal_spi.o
    0x080061da   0x000000aa   Code   RO          959    i.SPI_WaitFlagStateUntilTimeout  stm32f1xx_hal_spi.o
    0x08006284   0x0000008c   Code   RO         3714    i.SSD1306_WR_Byte   drv_oled.o
    0x08006310   0x00000002   Code   RO         3194    i.SVC_Handler       stm32f1xx_it.o
    0x08006312   0x0000000c   Code   RO         3195    i.SysTick_Handler   stm32f1xx_it.o
    0x0800631e   0x00000002   PAD
    0x08006320   0x000000ac   Code   RO         3426    i.SystemClock_Config  main.o
    0x080063cc   0x00000058   Code   RO            5    i.SystemInit        system_stm32f1xx.o
    0x08006424   0x00000010   Code   RO         3196    i.TIM3_IRQHandler   stm32f1xx_it.o
    0x08006434   0x00000098   Code   RO         1654    i.TIM_Base_SetConfig  stm32f1xx_hal_tim.o
    0x080064cc   0x0000001c   Code   RO         1655    i.TIM_CCxChannelCmd  stm32f1xx_hal_tim.o
    0x080064e8   0x00000018   Code   RO         1661    i.TIM_ETR_SetConfig  stm32f1xx_hal_tim.o
    0x08006500   0x00000014   Code   RO         1662    i.TIM_ITRx_SetConfig  stm32f1xx_hal_tim.o
    0x08006514   0x0000002a   Code   RO         1668    i.TIM_TI1_ConfigInputStage  stm32f1xx_hal_tim.o
    0x0800653e   0x00000002   PAD
    0x08006540   0x00000080   Code   RO         1669    i.TIM_TI1_SetConfig  stm32f1xx_hal_tim.o
    0x080065c0   0x0000002c   Code   RO         1670    i.TIM_TI2_ConfigInputStage  stm32f1xx_hal_tim.o
    0x080065ec   0x0000003e   Code   RO         1671    i.TIM_TI2_SetConfig  stm32f1xx_hal_tim.o
    0x0800662a   0x0000003c   Code   RO         1672    i.TIM_TI3_SetConfig  stm32f1xx_hal_tim.o
    0x08006666   0x00000040   Code   RO         1673    i.TIM_TI4_SetConfig  stm32f1xx_hal_tim.o
    0x080066a6   0x00000002   PAD
    0x080066a8   0x00000010   Code   RO         3197    i.UART4_IRQHandler  stm32f1xx_it.o
    0x080066b8   0x00000014   Code   RO         2271    i.UART_DMAAbortOnError  stm32f1xx_hal_uart.o
    0x080066cc   0x00000020   Code   RO         2281    i.UART_EndRxTransfer  stm32f1xx_hal_uart.o
    0x080066ec   0x00000020   Code   RO         2282    i.UART_EndTransmit_IT  stm32f1xx_hal_uart.o
    0x0800670c   0x000000a6   Code   RO         2284    i.UART_Receive_IT   stm32f1xx_hal_uart.o
    0x080067b2   0x00000002   PAD
    0x080067b4   0x000001c8   Code   RO         2285    i.UART_SetConfig    stm32f1xx_hal_uart.o
    0x0800697c   0x00000068   Code   RO         2286    i.UART_Transmit_IT  stm32f1xx_hal_uart.o
    0x080069e4   0x00000010   Code   RO         3198    i.USART1_IRQHandler  stm32f1xx_it.o
    0x080069f4   0x00000010   Code   RO         3199    i.USART3_IRQHandler  stm32f1xx_it.o
    0x08006a04   0x00000008   Code   RO          584    i.USB_CoreInit      stm32f1xx_ll_usb.o
    0x08006a0c   0x00000006   Code   RO          588    i.USB_DevDisconnect  stm32f1xx_ll_usb.o
    0x08006a12   0x0000001e   Code   RO          589    i.USB_DevInit       stm32f1xx_ll_usb.o
    0x08006a30   0x00000016   Code   RO          590    i.USB_DisableGlobalInt  stm32f1xx_ll_usb.o
    0x08006a46   0x00000332   Code   RO          594    i.USB_EPStartXfer   stm32f1xx_ll_usb.o
    0x08006d78   0x00000016   Code   RO          595    i.USB_EnableGlobalInt  stm32f1xx_ll_usb.o
    0x08006d8e   0x00000002   PAD
    0x08006d90   0x00000010   Code   RO         3200    i.USB_HP_CAN1_TX_IRQHandler  stm32f1xx_it.o
    0x08006da0   0x00000010   Code   RO         3201    i.USB_LP_CAN1_RX0_IRQHandler  stm32f1xx_it.o
    0x08006db0   0x0000000a   Code   RO          602    i.USB_ReadInterrupts  stm32f1xx_ll_usb.o
    0x08006dba   0x00000028   Code   RO          603    i.USB_ReadPMA       stm32f1xx_ll_usb.o
    0x08006de2   0x00000006   Code   RO          605    i.USB_SetCurrentMode  stm32f1xx_ll_usb.o
    0x08006de8   0x0000000e   Code   RO          606    i.USB_SetDevAddress  stm32f1xx_ll_usb.o
    0x08006df6   0x00000042   Code   RO          608    i.USB_WritePMA      stm32f1xx_ll_usb.o
    0x08006e38   0x00000004   Code   RO         3202    i.UsageFault_Handler  stm32f1xx_it.o
    0x08006e3c   0x000000b8   Code   RO         3906    i.WriteData         gd25q64cxigx.o
    0x08006ef4   0x00000004   Code   RO         3427    i._Error_Handler    main.o
    0x08006ef8   0x00000028   Code   RO         4651    i.__0sprintf        mc_w.l(printfa.o)
    0x08006f20   0x0000000e   Code   RO         4752    i.__scatterload_copy  mc_w.l(handlers.o)
    0x08006f2e   0x00000002   Code   RO         4753    i.__scatterload_null  mc_w.l(handlers.o)
    0x08006f30   0x0000000e   Code   RO         4754    i.__scatterload_zeroinit  mc_w.l(handlers.o)
    0x08006f3e   0x00000002   PAD
    0x08006f40   0x00000164   Code   RO         4656    i._fp_digits        mc_w.l(printfa.o)
    0x080070a4   0x0000000e   Code   RO         4708    i._is_digit         mc_w.l(scanf_fp.o)
    0x080070b2   0x00000002   PAD
    0x080070b4   0x000006dc   Code   RO         4657    i._printf_core      mc_w.l(printfa.o)
    0x08007790   0x00000024   Code   RO         4658    i._printf_post_padding  mc_w.l(printfa.o)
    0x080077b4   0x0000002e   Code   RO         4659    i._printf_pre_padding  mc_w.l(printfa.o)
    0x080077e2   0x0000000a   Code   RO         4661    i._sputc            mc_w.l(printfa.o)
    0x080077ec   0x00000018   Code   RO         3827    i.delay_ms          delay.o
    0x08007804   0x00000064   Code   RO         4141    i.get_LatLon        gps.o
    0x08007868   0x00000078   Code   RO         4060    i.get_LineFromGPSMsg  uart.o
    0x080078e0   0x0000000c   Code   RO         4142    i.get_OneMessage    gps.o
    0x080078ec   0x00000024   Code   RO         4143    i.get_gpsLevel      gps.o
    0x08007910   0x0000001c   Code   RO         4350    i.get_mytime        application.o
    0x0800792c   0x0000002a   Code   RO         4144    i.get_str           gps.o
    0x08007956   0x00000002   PAD
    0x08007958   0x00000070   Code   RO         4351    i.get_timeDate      application.o
    0x080079c8   0x00000170   Code   RO         4353    i.global_updatetime  application.o
    0x08007b38   0x000000dc   Code   RO         3428    i.main              main.o
    0x08007c14   0x000000d8   Code   RO         3715    i.oled_displayClear  drv_oled.o
    0x08007cec   0x00000018   Code   RO         3716    i.oled_displayOff   drv_oled.o
    0x08007d04   0x00000018   Code   RO         3717    i.oled_displayOn    drv_oled.o
    0x08007d1c   0x000000a4   Code   RO         3718    i.oled_displayUpdate  drv_oled.o
    0x08007dc0   0x000000b0   Code   RO         3719    i.oled_drawBMP      drv_oled.o
    0x08007e70   0x00000080   Code   RO         3720    i.oled_drawHLine    drv_oled.o
    0x08007ef0   0x00000074   Code   RO         3721    i.oled_drawRawHLine  drv_oled.o
    0x08007f64   0x000000cc   Code   RO         3722    i.oled_drawVLine    drv_oled.o
    0x08008030   0x00000034   Code   RO         3723    i.oled_getPixel     drv_oled.o
    0x08008064   0x00000068   Code   RO         3724    i.oled_setPixel     drv_oled.o
    0x080080cc   0x00000048   Code   RO         3725    i.oled_setUpdateFlag  drv_oled.o
    0x08008114   0x0000000e   Code   RO         3726    i.oled_writeCmd     drv_oled.o
    0x08008122   0x0000001e   Code   RO         3727    i.oled_writeData    drv_oled.o
    0x08008140   0x0000001e   Code   RO         3728    i.oled_writeLongCmd  drv_oled.o
    0x0800815e   0x00000002   PAD
    0x08008160   0x00000040   Code   RO         3429    i.set_UpdateFlag    main.o
    0x080081a0   0x00000028   Code   RO         3430    i.soft_delay_ms     main.o
    0x080081c8   0x00000130   Code   RO         3729    i.ssd1306_init      drv_oled.o
    0x080082f8   0x00000020   Code   RO         3730    i.stm32_hw_oled_init  drv_oled.o
    0x08008318   0x000000cc   Code   RO         4354    i.time_increase     application.o
    0x080083e4   0x00000030   Code   RO         3997    i.uart_print        stdio_redirect.o
    0x08008414   0x0000001c   Code   RO         3998    i.uart_printStatus  stdio_redirect.o
    0x08008430   0x00000034   Code   RO         4061    i.uart_rx_init      uart.o
    0x08008464   0x00000054   Code   RO         4062    i.uart_rx_processing  uart.o
    0x080084b8   0x0000002c   Code   RO         4000    i.uart_send         stdio_redirect.o
    0x080084e4   0x00000010   Code   RO         3907    i.waitDelay         gd25q64cxigx.o
    0x080084f4   0x0000007c   Code   RO         3908    i.writeStatusReg1   gd25q64cxigx.o
    0x08008570   0x0000007c   Code   RO         3909    i.writeStatusReg2   gd25q64cxigx.o
    0x080085ec   0x0000007c   Code   RO         3910    i.writeStatusReg3   gd25q64cxigx.o
    0x08008668   0x00000018   Data   RO            6    .constdata          system_stm32f1xx.o
    0x08008680   0x000000aa   Data   RO         3432    .constdata          main.o
    0x0800872a   0x00004404   Data   RO         3618    .constdata          gui.o
    0x0800cb2e   0x00000002   PAD
    0x0800cb30   0x00000034   Data   RO         3732    .constdata          drv_oled.o
    0x0800cb64   0x0000000c   Data   RO         4355    .constdata          application.o
    0x0800cb70   0x00000040   Data   RO         4746    .constdata          mc_w.l(ctype_c.o)
    0x0800cbb0   0x00000071   Data   RO         4256    .conststring        record.o
    0x0800cc21   0x00000003   PAD
    0x0800cc24   0x00000020   Data   RO         4750    Region$$Table       anon$$obj.o


    Execution Region RW_IRAM1 (Base: 0x20000000, Size: 0x00001d08, Max: 0x00010000, ABSOLUTE, COMPRESSED[0x00000150])

    Base Addr    Size         Type   Attr      Idx    E Section Name        Object

    0x20000000   0x00000004   Data   RW            7    .data               system_stm32f1xx.o
    0x20000004   0x00000009   Data   RW         2587    .data               stm32f1xx_hal.o
    0x2000000d   0x00000003   PAD
    0x20000010   0x00000058   Data   RW         3433    .data               main.o
    0x20000068   0x00000235   Data   RW         3619    .data               gui.o
    0x2000029d   0x00000003   PAD
    0x200002a0   0x00000020   Data   RW         3733    .data               drv_oled.o
    0x200002c0   0x00000001   Data   RW         3912    .data               gd25q64cxigx.o
    0x200002c1   0x00000003   PAD
    0x200002c4   0x00000010   Data   RW         4064    .data               uart.o
    0x200002d4   0x0000000a   Data   RW         4146    .data               gps.o
    0x200002de   0x00000002   PAD
    0x200002e0   0x0000001d   Data   RW         4257    .data               record.o
    0x200002fd   0x00000003   PAD
    0x20000300   0x0000000c   Data   RW         4356    .data               application.o
    0x2000030c   0x000005dc   Zero   RW         3431    .bss                main.o
    0x200008e8   0x00000400   Zero   RW         3731    .bss                drv_oled.o
    0x20000ce8   0x00000208   Zero   RW         3911    .bss                gd25q64cxigx.o
    0x20000ef0   0x00000100   Zero   RW         4063    .bss                uart.o
    0x20000ff0   0x000000b2   Zero   RW         4145    .bss                gps.o
    0x200010a2   0x00000002   PAD
    0x200010a4   0x00000860   Zero   RW         4255    .bss                record.o
    0x20001904   0x00000004   PAD
    0x20001908   0x00000400   Zero   RW          136    STACK               startup_stm32f103xe.o


==============================================================================

Image component sizes


      Code (inc. data)   RO Data    RW Data    ZI Data      Debug   Object Name

       712         72         12         12          0       3033   application.o
        24          0          0          0          0        467   delay.o
      1830        118         52         32       1024      11467   drv_oled.o
        68          0          0          0          0       2490   flash.o
      1224         96          0          1        520      11839   gd25q64cxigx.o
      1378         82          0         10        178       4549   gps.o
       596         70      17412        565          0      13275   gui.o
      4454        674        170         88       1500      18141   main.o
       224         18          0          0          0       2595   power.o
      2802        162        113         29       2144      10698   record.o
        36          8        304          0       1024        748   startup_stm32f103xe.o
       120         14          0          0          0       2113   stdio_redirect.o
       192         36          0          9          0       3665   stm32f1xx_hal.o
       346         22          0          0          0      27114   stm32f1xx_hal_cortex.o
        32          0          0          0          0        971   stm32f1xx_hal_crc.o
       424         10          0          0          0       1179   stm32f1xx_hal_dma.o
       888         46          0          0          0       3798   stm32f1xx_hal_gpio.o
       828         84          0          0          0       4058   stm32f1xx_hal_msp.o
      1952          0          0          0          0       9063   stm32f1xx_hal_pcd.o
      1772        108          0          0          0       5752   stm32f1xx_hal_rcc.o
       304         14          0          0          0       1352   stm32f1xx_hal_rcc_ex.o
      1520         42          0          0          0      10865   stm32f1xx_hal_spi.o
       134          0          0          0          0       1011   stm32f1xx_hal_spi_ex.o
      1782         42          0          0          0      14402   stm32f1xx_hal_tim.o
       102          0          0          0          0       2162   stm32f1xx_hal_tim_ex.o
      1476         12          0          0          0       7627   stm32f1xx_hal_uart.o
       194         42          0          0          0       7945   stm32f1xx_it.o
      1042          0          0          0          0       8127   stm32f1xx_ll_usb.o
        88         18         24          4          0     498535   system_stm32f1xx.o
       680        146          0         16        256       6207   uart.o

    ----------------------------------------------------------------------
     27264       1936      18124        780       6652     695248   Object Totals
         0          0         32          0          0          0   (incl. Generated)
        40          0          5         14          6          0   (incl. Padding)

    ----------------------------------------------------------------------

      Code (inc. data)   RO Data    RW Data    ZI Data      Debug   Library Member Name

        86          0          0          0          0          0   __dczerorl2.o
        28          0          0          0          0         68   _chval.o
       812          4          0          0          0        112   _scanf.o
       332          0          0          0          0         96   _scanf_int.o
       342          0          0          0          0        100   _scanf_longlong.o
       224          0          0          0          0         96   _scanf_str.o
        64          0          0          0          0         84   _sgetc.o
        40          6         64          0          0         68   ctype_c.o
         0          0          0          0          0          0   entry.o
         0          0          0          0          0          0   entry10a.o
         0          0          0          0          0          0   entry11a.o
         8          4          0          0          0          0   entry2.o
         4          0          0          0          0          0   entry5.o
         0          0          0          0          0          0   entry7b.o
         0          0          0          0          0          0   entry8b.o
         8          4          0          0          0          0   entry9a.o
        30          0          0          0          0          0   handlers.o
        36          8          0          0          0         68   init.o
        10          0          0          0          0         68   isspace_c.o
         0          0          0          0          0          0   iusefp.o
        30          0          0          0          0         68   llshl.o
        36          0          0          0          0         68   llsshr.o
        32          0          0          0          0         68   llushr.o
        36          0          0          0          0         68   memcpya.o
        36          0          0          0          0        108   memseta.o
      2244         86          0          0          0        512   printfa.o
        40          8          0          0          0         84   scanf_char.o
       838         12          0          0          0        216   scanf_fp.o
        56          8          0          0          0         84   sscanf.o
        18          0          0          0          0         68   strcpy.o
        14          0          0          0          0         68   strlen.o
        30          0          0          0          0         80   strncmp.o
        44          0          0          0          0         80   uidiv.o
        98          0          0          0          0         92   uldiv.o
        48          0          0          0          0         68   cdrcmple.o
        56          0          0          0          0         88   d2f.o
       334          0          0          0          0        148   dadd.o
       222          0          0          0          0        100   ddiv.o
       186          0          0          0          0        176   depilogue.o
        48          0          0          0          0         68   dfixul.o
        24          0          0          0          0         76   dfltul.o
       228          0          0          0          0         96   dmul.o
       110          0          0          0          0        168   fepilogue.o

    ----------------------------------------------------------------------
      6840        140         64          0          0       3412   Library Totals
         8          0          0          0          0          0   (incl. Padding)

    ----------------------------------------------------------------------

      Code (inc. data)   RO Data    RW Data    ZI Data      Debug   Library Name

      5576        140         64          0          0       2424   mc_w.l
      1256          0          0          0          0        988   mf_w.l

    ----------------------------------------------------------------------
      6840        140         64          0          0       3412   Library Totals

    ----------------------------------------------------------------------

==============================================================================


      Code (inc. data)   RO Data    RW Data    ZI Data      Debug   

     34104       2076      18188        780       6652     684852   Grand Totals
     34104       2076      18188        336       6652     684852   ELF Image Totals (compressed)
     34104       2076      18188        336          0          0   ROM Totals

==============================================================================

    Total RO  Size (Code + RO Data)                52292 (  51.07kB)
    Total RW  Size (RW Data + ZI Data)              7432 (   7.26kB)
    Total ROM Size (Code + RO Data + RW Data)      52628 (  51.39kB)

==============================================================================

